\BOOKMARK [1][-]{section.1}{\376\377\225\356\230\230\221\315\217\360\116\016\122\006\147\220}{}% 1
\BOOKMARK [2][-]{subsection.1.1}{\376\377\225\356\230\230\200\314\146\157\116\016\116\373\122\241}{section.1}% 2
\BOOKMARK [2][-]{subsection.1.2}{\376\377\166\356\150\007\166\204\117\030\121\110\121\163\174\373}{section.1}% 3
\BOOKMARK [2][-]{subsection.1.3}{\376\377\142\200\147\057\215\357\176\277}{section.1}% 4
\BOOKMARK [1][-]{section.2}{\376\377\152\041\127\213\120\107\213\276\213\364\146\016}{}% 5
\BOOKMARK [1][-]{section.3}{\376\377\173\046\123\367\213\364\146\016}{}% 6
\BOOKMARK [1][-]{section.4}{\376\377\145\160\143\156\230\204\131\004\164\006\116\016\143\242\175\042\140\047\122\006\147\220}{}% 7
\BOOKMARK [2][-]{subsection.4.1}{\376\377\145\160\143\156\230\204\131\004\164\006}{section.4}% 8
\BOOKMARK [2][-]{subsection.4.2}{\376\377\145\160\143\156\116\000\201\364\140\047\150\041\232\214}{section.4}% 9
\BOOKMARK [2][-]{subsection.4.3}{\376\377\227\000\154\102\176\323\147\204\116\016\000\040\000O\000D\000\040\200\132\124\010}{section.4}% 10
\BOOKMARK [3][-]{subsubsection.4.3.1}{\376\377\000O\000D\000\040\227\000\154\102\200\132\124\010\145\271\154\325}{subsection.4.3}% 11
\BOOKMARK [2][-]{subsection.4.4}{\376\377\000L\000A\000N\000D\000\040\172\357\160\271\116\016\147\072\127\072\220\011\142\351\122\006\147\220}{section.4}% 12
\BOOKMARK [2][-]{subsection.4.5}{\376\377\202\052\153\265\162\171\137\201\116\016\161\303\154\271\123\357\217\276\140\047}{section.4}% 13
\BOOKMARK [2][-]{subsection.4.6}{\376\377\000Q\0003\145\366\225\364\172\227\116\016\116\373\122\241\175\047\217\353\140\047\122\006\147\220}{section.4}% 14
\BOOKMARK [3][-]{subsubsection.4.6.1}{\376\377\145\366\225\364\172\227\123\302\145\160\133\232\116\111}{subsection.4.6}% 15
\BOOKMARK [3][-]{subsubsection.4.6.2}{\376\377\116\120\211\302\147\000\167\355\217\320\217\223\145\366\225\364}{subsection.4.6}% 16
\BOOKMARK [3][-]{subsubsection.4.6.3}{\376\377\116\373\122\241\145\366\225\364\147\176\137\033\221\317}{subsection.4.6}% 17
\BOOKMARK [3][-]{subsubsection.4.6.4}{\376\377\116\373\122\241\117\030\121\110\176\247\143\222\136\217\211\304\122\031}{subsection.4.6}% 18
\BOOKMARK [3][-]{subsubsection.4.6.5}{\376\377\227\000\154\102\166\204\145\345\147\037\122\006\136\003}{subsection.4.6}% 19
\BOOKMARK [2][-]{subsection.4.7}{\376\377\213\304\116\367\143\007\150\007}{section.4}% 20
\BOOKMARK [2][-]{subsection.4.8}{\376\377\162\354\172\313\116\377\167\037\126\150\116\016\150\041\232\214\126\150}{section.4}% 21
\BOOKMARK [1][-]{section.5}{\376\377\225\356\230\230\116\000\377\032\123\125\124\021\121\372\155\167\217\320\217\223}{}% 22
\BOOKMARK [2][-]{subsection.5.1}{\376\377\225\356\230\230\176\323\147\204\116\016\154\102\211\343\140\035\215\357}{section.5}% 23
\BOOKMARK [2][-]{subsection.5.2}{\376\377\211\343\166\204\210\150\171\072\116\016\215\357\176\277\213\304\116\367}{section.5}% 24
\BOOKMARK [2][-]{subsection.5.3}{\376\377\211\206\166\326\121\150\220\350\227\000\154\102\166\204\123\357\210\114\122\035\211\343}{section.5}% 25
\BOOKMARK [3][-]{subsubsection.5.3.1}{\376\377\000L\000A\000N\000D\116\272\124\130\166\204\122\035\131\313\147\072\127\072\122\006\221\115}{subsection.5.3}% 26
\BOOKMARK [3][-]{subsubsection.5.3.2}{\376\377\123\125\213\276\145\275\133\211\121\150\136\225\211\343}{subsection.5.3}% 27
\BOOKMARK [3][-]{subsubsection.5.3.3}{\376\377\136\177\116\111\202\202\176\246\124\010\136\166}{subsection.5.3}% 28
\BOOKMARK [2][-]{subsection.5.4}{\376\377\147\072\127\213\116\016\122\240\154\271\200\124\124\010\213\304\116\367\166\204\150\007\173\176\173\227\154\325}{section.5}% 29
\BOOKMARK [2][-]{subsection.5.5}{\376\377\127\372\116\216\145\164\145\160\211\304\122\022\117\356\131\015\166\204\201\352\220\002\136\224\131\047\220\273\127\337\144\034\175\042}{section.5}% 30
\BOOKMARK [3][-]{subsubsection.5.5.1}{\376\377\116\224\174\173\145\164\215\357\176\277\170\064\127\117\173\227\133\120}{subsection.5.5}% 31
\BOOKMARK [3][-]{subsubsection.5.5.2}{\376\377\120\031\220\011\215\357\176\277\165\037\142\020\116\016\174\276\170\156\117\356\131\015}{subsection.5.5}% 32
\BOOKMARK [3][-]{subsubsection.5.5.3}{\376\377\201\352\220\002\136\224\147\103\221\315\116\016\143\245\123\327\121\306\122\031}{subsection.5.5}% 33
\BOOKMARK [3][-]{subsubsection.5.5.4}{\376\377\121\163\200\124\136\246\137\025\133\374\116\016\150\007\121\306\000A\000L\000N\000S\123\315\231\210\174\276\117\356}{subsection.5.5}% 34
\BOOKMARK [3][-]{subsubsection.5.5.5}{\376\377\174\276\202\361\215\357\176\277\154\140\116\016\174\276\170\156\116\073\225\356\230\230\221\315\176\304}{subsection.5.5}% 35
\BOOKMARK [3][-]{subsubsection.5.5.6}{\376\377\131\032\226\066\153\265\123\302\145\160\116\016\116\073\155\101\172\013}{subsection.5.5}% 36
\BOOKMARK [2][-]{subsection.5.6}{\376\377\173\227\154\325\133\236\163\260\116\016\217\223\121\372\145\207\116\366}{section.5}% 37
\BOOKMARK [2][-]{subsection.5.7}{\376\377\176\323\147\234\134\125\171\072\116\016\173\227\154\325\122\006\147\220}{section.5}% 38
\BOOKMARK [1][-]{section.6}{\376\377\225\356\230\230\116\214\377\032\121\372\155\167\060\001\155\167\217\324\116\016\172\177\150\255\200\124\124\010\217\320\217\223}{}% 39
\BOOKMARK [2][-]{subsection.6.1}{\376\377\225\356\230\230\176\323\147\204\116\016\140\073\117\123\140\035\215\357}{section.6}% 40
\BOOKMARK [2][-]{subsection.6.2}{\376\377\200\124\124\010\123\326\220\001\215\357\176\277\152\041\127\213}{section.6}% 41
\BOOKMARK [3][-]{subsubsection.6.2.1}{\376\377\227\000\154\102\142\171\153\041\116\016\147\072\127\072\121\174\133\271\140\047}{subsection.6.2}% 42
\BOOKMARK [3][-]{subsubsection.6.2.2}{\376\377\123\326\220\001\117\115\177\156\116\016\171\201\153\142\143\142\116\130\176\246\147\137}{subsection.6.2}% 43
\BOOKMARK [3][-]{subsubsection.6.2.3}{\376\377\220\020\172\331\217\175\203\167\220\022\143\250}{subsection.6.2}% 44
\BOOKMARK [3][-]{subsubsection.6.2.4}{\376\377\215\357\176\277\145\366\225\364\060\001\161\303\154\271\116\016\116\272\124\130\127\050\220\024\145\366\225\364}{subsection.6.2}% 45
\BOOKMARK [2][-]{subsection.6.3}{\376\377\120\031\220\011\225\355\124\010\215\357\176\277\165\037\142\020}{section.6}% 46
\BOOKMARK [2][-]{subsection.6.4}{\376\377\136\046\220\020\202\052\153\265\133\271\221\317\166\204\120\031\220\011\215\357\176\277\145\164\145\160\116\073\225\356\230\230}{section.6}% 47
\BOOKMARK [2][-]{subsection.6.5}{\376\377\174\276\170\156\134\100\220\350\000M\000I\000L\000P\116\016\131\032\221\315\124\057\137\072\123\026}{section.6}% 48
\BOOKMARK [2][-]{subsection.6.6}{\376\377\173\227\154\325\133\236\163\260\116\016\217\223\121\372\145\207\116\366}{section.6}% 49
\BOOKMARK [2][-]{subsection.6.7}{\376\377\176\323\147\234\134\125\171\072\116\016\173\227\154\325\122\006\147\220}{section.6}% 50
\BOOKMARK [3][-]{subsubsection.6.7.1}{\376\377\120\031\220\011\116\073\225\356\230\230\154\102\211\343\165\114\226\120}{subsection.6.7}% 51
\BOOKMARK [1][-]{section.7}{\376\377\225\356\230\230\116\011\377\032\136\046\145\366\225\364\211\201\154\102\166\204\131\032\145\345\143\222\163\355}{}% 52
\BOOKMARK [2][-]{subsection.7.1}{\376\377\225\356\230\230\176\323\147\204\116\016\140\073\117\123\140\035\215\357}{section.7}% 53
\BOOKMARK [2][-]{subsection.7.2}{\376\377\225\356\230\230\116\011\226\306\124\010\060\001\123\330\221\317\116\016\145\366\225\364\123\343\137\204}{section.7}% 54
\BOOKMARK [2][-]{subsection.7.3}{\376\377\145\366\225\364\172\227\141\037\167\345\166\204\120\031\220\011\147\266\153\041\165\037\142\020}{section.7}% 55
\BOOKMARK [3][-]{subsubsection.7.3.1}{\376\377\175\047\116\373\122\241\143\222\136\217\116\016\227\000\154\102\200\132\124\010}{subsection.7.3}% 56
\BOOKMARK [3][-]{subsubsection.7.3.2}{\376\377\165\061\225\356\230\230\116\214\145\271\150\110\142\151\121\105\120\031\220\011\154\140}{subsection.7.3}% 57
\BOOKMARK [2][-]{subsection.7.4}{\376\377\120\031\220\011\147\266\153\041\166\204\145\366\122\073\220\022\143\250\116\016\170\154\176\246\147\137}{section.7}% 58
\BOOKMARK [3][-]{subsubsection.7.4.1}{\376\377\220\020\172\331\145\366\122\073\116\016\116\272\124\130\145\366\225\364\172\227}{subsection.7.4}% 59
\BOOKMARK [3][-]{subsubsection.7.4.2}{\376\377\147\072\127\072\217\320\204\045\145\366\153\265\116\016\124\014\145\345\225\355\124\010}{subsection.7.4}% 60
\BOOKMARK [3][-]{subsubsection.7.4.3}{\376\377\121\167\117\123\230\336\147\072\122\006\221\115\116\016\124\150\217\154\176\246\147\137}{subsection.7.4}% 61
\BOOKMARK [2][-]{subsection.7.5}{\376\377\173\054\116\000\226\066\153\265\377\032\227\136\116\064\145\366\116\373\122\241\127\372\121\306\117\030\123\026}{section.7}% 62
\BOOKMARK [2][-]{subsection.7.6}{\376\377\173\054\116\214\226\066\153\265\377\032\116\064\145\366\116\373\122\241\147\000\131\047\156\341\215\263\117\030\123\026}{section.7}% 63
\BOOKMARK [3][-]{subsubsection.7.6.1}{\376\377\116\044\226\066\153\265\142\225\137\161\123\315\231\210\116\016\131\032\202\052\163\355\176\323\147\204\220\273\127\337}{subsection.7.6}% 64
\BOOKMARK [2][-]{subsection.7.7}{\376\377\225\356\230\230\116\011\154\102\211\343\165\114\226\120}{section.7}% 65
\BOOKMARK [3][-]{subsubsection.7.7.1}{\376\377\133\242\121\154\221\314\135\345\117\134\221\317\116\013\165\114}{subsection.7.7}% 66
\BOOKMARK [3][-]{subsubsection.7.7.2}{\376\377\147\072\127\072\040\023\147\072\127\213\122\006\134\102\217\336\176\355\131\032\125\106\124\301\155\101\116\013\165\114}{subsection.7.7}% 67
\BOOKMARK [3][-]{subsubsection.7.7.3}{\376\377\147\011\226\120\120\031\220\011\215\357\176\277\154\140\000L\000P\123\302\200\003\165\114}{subsection.7.7}% 68
\BOOKMARK [2][-]{subsection.7.8}{\376\377\121\262\172\201\123\315\231\210\166\204\116\044\134\102\217\355\116\343\173\227\154\325}{section.7}% 69
\BOOKMARK [2][-]{subsection.7.9}{\376\377\176\323\147\234\134\125\171\072\116\016\173\227\154\325\122\006\147\220}{section.7}% 70
\BOOKMARK [1][-]{section.8}{\376\377\152\041\127\213\213\304\116\367\116\016\143\250\136\177}{}% 71
\BOOKMARK [2][-]{subsection.8.1}{\376\377\152\041\127\213\117\030\160\271}{section.8}% 72
\BOOKMARK [2][-]{subsection.8.2}{\376\377\152\041\127\213\134\100\226\120}{section.8}% 73
\BOOKMARK [2][-]{subsection.8.3}{\376\377\143\250\136\177\116\367\120\074}{section.8}% 74
\BOOKMARK [1][-]{section.9}{\376\377\176\323\213\272}{}% 75
\BOOKMARK [1][-]{section.9}{\376\377\123\302\200\003\145\207\163\056}{}% 76
\BOOKMARK [1][-]{appendix.A}{\376\377\145\057\144\221\147\120\145\231\145\207\116\366\122\027\210\150}{}% 77
\BOOKMARK [1][-]{appendix.B}{\376\377\133\214\145\164\156\220\172\013\136\217\116\343\170\001}{}% 78
\BOOKMARK [1][-]{appendix.C}{\376\377\210\145\121\105\176\323\147\234\116\016\150\041\232\214\142\245\124\112}{}% 79
\BOOKMARK [1][-]{appendix.D}{\376\377\143\320\116\244\122\115\124\010\211\304\150\070\133\371}{}% 80
