MIP has 109 rows; 1052 cols; 3755 nonzeros; 1052 integer variables (916 binary)
Coefficient ranges:
  Matrix  [1e+00, 3e+02]
  Cost    [9e+01, 3e+02]
  Bound   [1e+00, 5e+00]
  RHS     [1e+00, 1e+04]
Presolving model
105 rows, 1020 cols, 3603 nonzeros 0s
101 rows, 936 cols, 2978 nonzeros 0s
Presolve reductions: rows 101(-8); columns 936(-116); nonzeros 2978(-777) 
Objective function is integral with scale 1

Solving MIP model with:
   101 rows
   936 cols (828 binary, 108 integer, 0 implied int., 0 continuous, 0 domain fixed)
   2978 nonzeros
   Thread count 7 (of 14 threads). Using 1 max workers. Parallel search off

Src: B => Branching; C => Central rounding; F => Feasibility pump; H => Heuristic;
     I => Shifting; J => Feasibility jump; L => Sub-MIP; P => Empty MIP; R => Randomized rounding;
     S => Solve LP; T => Evaluate node; U => Unbounded; X => User solution; Y => HiGHS solution;
     Z => ZI Round; l => Trivial lower; p => Trivial point; u => Trivial upper; z => Trivial zero

        Nodes      |    B&B Tree     |            Objective Bounds              |  Dynamic Constraints |       Work      
Src  Proc. InQueue |  Leaves   Expl. | BestBound       BestSol              Gap |   Cuts   InLp Confl. | LpIters     Time

         0       0         0   0.00%   872             inf                  inf        0      0      0         0     0.1s
         0       0         0   0.00%   14244.80327     inf                  inf        0      0      2       155     0.1s

10.5% inactive integer columns, restarting
Model after restart has 100 rows, 822 cols (743 bin., 79 int., 0 impl., 0 cont., 0 dom.fix.), and 2606 nonzeros

         0       0         0   0.00%   14712.431346    inf                  inf      203      0      0      9503     2.4s
         0       0         0   0.00%   14712.434886    inf                  inf      203    170      4      9973     2.4s
        32       1        14  93.02%   14713.210616    inf                  inf     1314    190    938     64502     7.5s
       110       0        54 100.00%   inf             inf                  inf     3265    344   1885     93118     9.3s

Solving report
  Status            Infeasible
  Primal bound      inf
  Dual bound        inf
  Gap               inf
  P-D integral      0
  Solution status   -
  Timing            9.27
                    0.81 (Presolve)
                        MIP    time [calls] = 0.04 [1]
                        subMIP time [calls] = 0.77 [54]
                    8.45 (Solve)
                        MIP    time [calls] = 6.17 [1]
                        subMIP time [calls] = 2.29 [24]
                    0.00 (Postsolve)
                        MIP    time [calls] = 0.00 [1]
                        subMIP time [calls] = 0.00 [54]
  Max sub-MIP depth 6
  Nodes             110
  Repair LPs        0
  LP iterations     93118
                    66609 (strong br.)
                    3739 (separation)
                    17238 (heuristics)
