MIP has 105 rows; 1003 cols; 3520 nonzeros; 1003 integer variables (869 binary)
Coefficient ranges:
  Matrix  [1e+00, 3e+02]
  Cost    [9e+01, 3e+02]
  Bound   [1e+00, 5e+00]
  RHS     [1e+00, 1e+04]
Assessing feasibility of MIP using primal feasibility and integrality tolerance of       1e-06
WARNING: Row    104 has         infeasibility of           1 from [lower, value, upper] = [           -inf;           14730;           14729]
Solution has               num          max          sum
Col     infeasibilities      0            0            0
Integer infeasibilities      0            0            0
Row     infeasibilities      1            1            1
Row     residuals            0            0            0
User-supplied values of discrete variables cannot yield feasible solution
Presolving model
101 rows, 999 cols, 3508 nonzeros 0s
99 rows, 946 cols, 3016 nonzeros 0s
Presolve reductions: rows 99(-6); columns 946(-57); nonzeros 3016(-504) 
Objective function is integral with scale 1

Solving MIP model with:
   99 rows
   946 cols (837 binary, 109 integer, 0 implied int., 0 continuous, 0 domain fixed)
   3016 nonzeros
   Thread count 7 (of 14 threads). Using 1 max workers. Parallel search off

Src: B => Branching; C => Central rounding; F => Feasibility pump; H => Heuristic;
     I => Shifting; J => Feasibility jump; L => Sub-MIP; P => Empty MIP; R => Randomized rounding;
     S => Solve LP; T => Evaluate node; U => Unbounded; X => User solution; Y => HiGHS solution;
     Z => ZI Round; l => Trivial lower; p => Trivial point; u => Trivial upper; z => Trivial zero

        Nodes      |    B&B Tree     |            Objective Bounds              |  Dynamic Constraints |       Work      
Src  Proc. InQueue |  Leaves   Expl. | BestBound       BestSol              Gap |   Cuts   InLp Confl. | LpIters     Time

         0       0         0   0.00%   872             inf                  inf        0      0      0         0     0.1s
         0       0         0   0.00%   14211.929944    inf                  inf        0      0      4       150     0.1s
        54       0        25   9.18%   14655.883635    inf                  inf     6491    197   1360     48061     5.2s
       263      21       117   9.67%   14660.289285    inf                  inf     4424    441   3267    110028    10.2s
      1016     107       447  13.90%   14660.289285    inf                  inf     3545    432   6544    154346    15.3s
      1747     182       759  19.73%   14665.143628    inf                  inf     3432    420   9546    195635    20.7s
      2808     271      1241  24.86%   14673.099697    inf                  inf     2738    292   9587    248514    25.7s
      3635     338      1615  26.01%   14674.33705     inf                  inf     3236    328   9792    291238    30.7s

Restarting search from the root node
Model after restart has 99 rows, 938 cols (835 bin., 103 int., 0 impl., 0 cont., 0 dom.fix.), and 2989 nonzeros

      4456       0         0   0.00%   14674.533615    inf                  inf      344      0      0    325045    34.1s
      4456       0         0   0.00%   14674.533615    inf                  inf      344    175      7    325698    34.1s
      4824      34       159   6.36%   14674.533615    inf                  inf     1871    260   1643    347073    39.1s
      6373     162       863  15.23%   14674.533615    inf                  inf     3050    284   6085    401241    44.2s
      7864     264      1546  15.94%   14675.863722    inf                  inf     2973    277   9291    446278    49.2s

Restarting search from the root node
Model after restart has 99 rows, 936 cols (836 bin., 100 int., 0 impl., 0 cont., 0 dom.fix.), and 2979 nonzeros

      8158       0         0   0.00%   14675.863722    inf                  inf      317      0      0    457466    50.3s
      8158       0         0   0.00%   14675.863722    inf                  inf      317    162      5    458044    50.3s
      8252       1        43   6.03%   14675.863722    inf                  inf     1453    179    562    477563    55.3s
      9681     134       678  15.92%   14675.863722    inf                  inf     2792    318   4772    527542    60.3s

Restarting search from the root node
Model after restart has 99 rows, 936 cols (839 bin., 97 int., 0 impl., 0 cont., 0 dom.fix.), and 2977 nonzeros

     11282       0         0   0.00%   14678.221353    inf                  inf      249      0      0    576445    64.9s
     11282       0         0   0.00%   14678.221353    inf                  inf      249    170      4    576997    64.9s
     11282       0         0   0.00%   14678.221353    inf                  inf     1427    184    356    599000    71.6s

        Nodes      |    B&B Tree     |            Objective Bounds              |  Dynamic Constraints |       Work      
Src  Proc. InQueue |  Leaves   Expl. | BestBound       BestSol              Gap |   Cuts   InLp Confl. | LpIters     Time

     12910     125       741  23.73%   14678.221353    inf                  inf     3725    257   4495    650792    76.6s
     14734     233      1588  30.67%   14678.221353    inf                  inf     1691    298   9779    699217    81.6s
     16414     346      2359  34.26%   14679.029799    inf                  inf     2716    280   9385    751349    86.6s
     18030     434      3113  35.24%   14680.188542    inf                  inf     3414    349   9931    800110    91.6s
     19391     515      3744  35.40%   14680.834148    inf                  inf     3524    347   9818    850716    96.7s
     20503     572      4262  36.37%   14681.36912     inf                  inf     2745    283   9882    899840   101.7s
     21753     619      4857  36.78%   14682.375682    inf                  inf     2209    350   9979    946160   106.8s
     23079     682      5479  38.15%   14683.019112    inf                  inf     3324    414   9897    992351   111.8s
     24233     742      6021  39.00%   14683.408538    inf                  inf     3324    370   9656     1040k   116.8s
     26008     843      6852  39.18%   14683.889398    inf                  inf     2665    259   9776     1086k   121.9s
     27362     911      7489  40.19%   14684.253665    inf                  inf     3148    338   9810     1141k   126.9s
     28673     973      8102  41.75%   14684.488453    inf                  inf     2964    378   9814     1195k   131.9s
     29808    1028      8638  41.81%   14685.330979    inf                  inf     2461    303   9621     1243k   136.9s
     31091    1070      9250  42.28%   14685.765083    inf                  inf     2387    267   9865     1295k   141.9s
     32389    1128      9869  42.48%   14687.299776    inf                  inf     2271    339   9999     1345k   147.0s
     33426    1157     10371  43.07%   14687.470531    inf                  inf     2936    351   9860     1400k   152.1s
     34736    1197     11003  43.47%   14688.124247    inf                  inf     2787    319   9740     1455k   157.1s
     35921    1235     11571  45.40%   14688.257542    inf                  inf     2670    305   9686     1507k   167.1s
     37175    1272     12179  47.77%   14688.773508    inf                  inf     2546    352   9965     1580k   172.1s
     38337    1299     12745  48.21%   14689.062193    inf                  inf     2950    398   9806     1638k   177.2s

        Nodes      |    B&B Tree     |            Objective Bounds              |  Dynamic Constraints |       Work      
Src  Proc. InQueue |  Leaves   Expl. | BestBound       BestSol              Gap |   Cuts   InLp Confl. | LpIters     Time

     39259    1332     13186  51.42%   14689.807019    inf                  inf     2754    391   9795     1691k   182.2s
     40245    1361     13663  51.69%   14690.344851    inf                  inf     2936    408   9787     1743k   187.2s
     40456    1367     13767  51.69%   14690.344851    inf                  inf     2670    376   9833     1758k   192.5s
     41288    1383     14173  53.38%   14690.660156    inf                  inf     1848    333   9923     1830k   197.5s
     42304    1403     14670  54.64%   14690.789531    inf                  inf     2620    333   9919     1884k   202.5s
     43387    1434     15188  54.94%   14691.070601    inf                  inf     1984    365   9982     1938k   207.5s
     44404    1462     15684  55.16%   14692.786179    inf                  inf     2498    431   9828     1993k   212.5s
     45392    1481     16165  55.52%   14692.830371    inf                  inf     2643    320   9834     2038k   226.8s
     46533    1506     16717  55.56%   14693.102157    inf                  inf     2495    298   9997     2140k   231.8s
     47541    1526     17211  55.82%   14693.214084    inf                  inf     2447    326   9946     2196k   236.8s
     48584    1539     17725  56.21%   14693.63187     inf                  inf     2720    358   9947     2252k   241.8s
     49440    1557     18142  56.67%   14693.787479    inf                  inf     2654    360   9887     2316k   246.8s
     50615    1579     18719  56.81%   14694.230148    inf                  inf     2444    329   9874     2381k   251.8s
     51835    1617     19305  56.93%   14694.434275    inf                  inf     2655    345   9844     2438k   256.8s
     53245    1657     19983  57.35%   14695.076826    inf                  inf     2487    400   9926     2497k   261.8s
     54869    1705     20765  57.36%   14695.473645    inf                  inf     2302    275   9937     2557k   266.8s
     56026    1727     21331  57.81%   14695.651844    inf                  inf     3160    326   9939     2617k   271.8s
     56968    1739     21792  57.84%   14695.865099    inf                  inf     3013    361   9931     2680k   276.9s
     57471    1757     22035  57.86%   14695.885283    inf                  inf     2774    278   9999     2708k   290.8s
     58875    1803     22713  57.86%   14697.178993    inf                  inf     1998    254   9877     2823k   295.8s

        Nodes      |    B&B Tree     |            Objective Bounds              |  Dynamic Constraints |       Work      
Src  Proc. InQueue |  Leaves   Expl. | BestBound       BestSol              Gap |   Cuts   InLp Confl. | LpIters     Time

     60205    1845     23353  57.87%   14697.34034     inf                  inf     2171    355   9765     2888k   300.8s
     61517    1887     23987  58.27%   14697.45627     inf                  inf     3019    280   9964     2947k   305.8s
     62720    1920     24573  58.86%   14697.887234    inf                  inf     3015    314   9912     3006k   310.8s
     64131    1950     25261  65.78%   14697.91765     inf                  inf     2162    267   9941     3066k   315.8s
     65666    1994     26004  66.91%   14698.168403    inf                  inf     2752    302   9653     3128k   320.9s
     66890    2020     26603  67.18%   14698.19516     inf                  inf     3558    360   9849     3187k   325.9s
     67902    2047     27095  67.26%   14698.301093    inf                  inf     3162    361   9749     3248k   330.9s
     69041    2073     27648  67.48%   14698.432161    inf                  inf     3064    361   9836     3303k   335.9s
     70321    2100     28272  67.61%   14698.71637     inf                  inf     2371    325   9929     3360k   340.9s
     72175    2146     29169  68.33%   14698.953594    inf                  inf     2216    280   9912     3414k   345.9s
     72532    2155     29342  68.33%   14698.976013    inf                  inf     2120    306   9847     3426k   352.9s
     74243    2197     30176  68.53%   14699.085015    inf                  inf     2235    337   9784     3509k   357.9s
     75767    2229     30921  68.53%   14699.119645    inf                  inf     2950    323   9794     3569k   363.0s
     76814    2255     31429  68.54%   14699.341323    inf                  inf     2227    286   9985     3624k   368.0s
     78410    2307     32198  68.73%   14699.458912    inf                  inf     2901    359   9770     3682k   373.0s
     79475    2336     32715  68.78%   14699.458912    inf                  inf     2866    288   9940     3741k   378.0s
     80625    2368     33272  68.78%   14699.619897    inf                  inf     2676    368   9983     3798k   383.0s
     81806    2389     33850  69.35%   14699.924691    inf                  inf     2620    283   9922     3849k   388.0s
     82206    2402     34040  69.44%   14699.924691    inf                  inf     3114    252   9895     3877k   393.0s
     83395    2431     34622  69.54%   14700.421844    inf                  inf     3261    350   9998     3931k   398.0s

        Nodes      |    B&B Tree     |            Objective Bounds              |  Dynamic Constraints |       Work      
Src  Proc. InQueue |  Leaves   Expl. | BestBound       BestSol              Gap |   Cuts   InLp Confl. | LpIters     Time

     84726    2457     35269  69.57%   14700.444042    inf                  inf     3298    351   9939     3987k   403.0s
     85774    2487     35777  70.39%   14700.444042    inf                  inf     2934    307   9982     4040k   413.4s
     86984    2506     36370  70.95%   14700.547362    inf                  inf     3273    364   9906     4120k   418.4s
     88315    2542     37017  70.98%   14700.548343    inf                  inf     3451    365   9799     4179k   423.4s
     89677    2567     37681  71.11%   14700.966714    inf                  inf     3397    289   9853     4234k   428.4s
     90993    2595     38326  71.48%   14700.991592    inf                  inf     3629    334   9935     4289k   433.4s
     92181    2618     38907  71.48%   14701.076445    inf                  inf     4260    313   9892     4336k   438.4s
     93407    2647     39502  71.56%   14701.388245    inf                  inf     3570    287   9968     4392k   443.4s
     93857    2658     39721  71.56%   14701.388245    inf                  inf     3888    280   9902     4410k   450.0s
     94969    2677     40265  71.57%   14701.424516    inf                  inf     3678    426   9987     4488k   455.0s
     96251    2711     40888  71.83%   14701.458127    inf                  inf     3054    341   9915     4545k   460.0s
     97378    2747     41432  71.84%   14701.797153    inf                  inf     3408    333   9996     4603k   465.0s
     98602    2770     42033  72.12%   14701.899699    inf                  inf     3156    310   9860     4662k   470.0s
     99818    2803     42622  72.12%   14702.071916    inf                  inf     3143    404   9908     4721k   475.1s
    100541    2835     42967  72.12%   14702.073894    inf                  inf     2124    295   9908     4755k   480.2s
    101646    2856     43507  72.22%   14702.31184     inf                  inf     2865    331   9918     4823k   485.2s
    102932    2882     44134  72.23%   14702.437607    inf                  inf     2417    353   9859     4882k   490.2s
    104124    2910     44715  72.26%   14702.439258    inf                  inf     2918    328   9800     4940k   503.1s
    105229    2922     45257  72.31%   14702.512998    inf                  inf     2261    360   9883     5029k   508.1s
    106452    2952     45850  72.32%   14702.561983    inf                  inf     2295    308   9909     5085k   513.1s

        Nodes      |    B&B Tree     |            Objective Bounds              |  Dynamic Constraints |       Work      
Src  Proc. InQueue |  Leaves   Expl. | BestBound       BestSol              Gap |   Cuts   InLp Confl. | LpIters     Time

    107333    2988     46273  72.32%   14702.667508    inf                  inf     2001    339   9926     5125k   518.1s
    107984    2989     46598  73.88%   14702.817868    inf                  inf     3054    318   9986     5156k   523.2s
    108718    3001     46959  76.07%   14702.857446    inf                  inf     3258    326   9726     5189k   528.2s
    109548    3024     47358  76.27%   14702.949235    inf                  inf     2356    269   9822     5224k   533.3s
    110305    3047     47723  76.27%   14702.966811    inf                  inf     1830    291   9771     5260k   538.3s
    110851    3056     47991  76.37%   14702.976357    inf                  inf     2801    308   9855     5292k   543.3s
    111354    3056     48241  76.37%   14702.976357    inf                  inf     2389    302   9872     5321k   548.3s
    112055    3071     48584  76.39%   14702.976357    inf                  inf     2344    317   9782     5353k   561.2s
    112862    3093     48975  76.40%   14702.976357    inf                  inf     3372    360   9998     5415k   566.2s
    113562    3106     49316  76.40%   14702.976357    inf                  inf     2402    340   9868     5450k   571.2s
    114335    3120     49695  76.40%   14702.976357    inf                  inf     2492    329   9817     5485k   576.2s
    115112    3134     50076  76.79%   14702.981964    inf                  inf     2357    417   9845     5521k   581.2s
    115750    3146     50388  76.80%   14703.093868    inf                  inf     2490    347   9851     5558k   586.2s
    116791    3155     50903  76.82%   14703.093868    inf                  inf     3257    324   9924     5610k   591.2s
    118069    3187     51525  76.82%   14703.13963     inf                  inf     2656    317   9941     5669k   596.2s
    118735    3187     51857  77.90%   14703.160969    inf                  inf     2896    292   9984     5710k   610.6s
    120097    3218     52524  77.95%   14703.182073    inf                  inf     2483    356   9812     5820k   615.6s
    121006    3215     52976  77.96%   14703.182073    inf                  inf     2535    366   9874     5877k   620.6s
    122162    3236     53543  78.09%   14703.474793    inf                  inf     2911    356   9810     5932k   625.6s
    123087    3246     53997  78.23%   14703.474793    inf                  inf     3133    284   9859     5978k   630.6s

        Nodes      |    B&B Tree     |            Objective Bounds              |  Dynamic Constraints |       Work      
Src  Proc. InQueue |  Leaves   Expl. | BestBound       BestSol              Gap |   Cuts   InLp Confl. | LpIters     Time

    124558    3283     54715  78.23%   14703.616383    inf                  inf     1855    284   9981     6035k   635.6s
    125912    3317     55371  78.25%   14703.672691    inf                  inf     2505    296   9841     6089k   640.6s
    127081    3334     55948  78.26%   14703.938515    inf                  inf     2867    306   9977     6146k   645.6s
    128020    3359     56405  78.35%   14703.966983    inf                  inf     2900    320   9784     6194k   650.7s
    129076    3371     56925  78.57%   14704.043922    inf                  inf     2099    319   9823     6251k   655.7s
    130355    3398     57550  78.57%   14704.171025    inf                  inf     2968    366   9956     6319k   660.7s
    131588    3415     58156  78.57%   14704.322847    inf                  inf     4827    394   9806     6384k   665.7s
    132734    3425     58723  78.69%   14704.343287    inf                  inf     2474    407   9975     6442k   670.7s
    133914    3448     59300  78.74%   14704.506597    inf                  inf     2549    292   9893     6501k   675.7s
    134093    3450     59389  78.75%   14704.506597    inf                  inf     3018    288   9926     6511k   680.9s
    135081    3448     59882  79.38%   14704.787181    inf                  inf     2421    375   9942     6588k   685.9s
    136178    3461     60425  79.87%   14704.888039    inf                  inf     3188    343   9857     6648k   691.0s
    137701    3486     61170  80.26%   14704.949482    inf                  inf     2938    298   9730     6713k   696.0s
    138452    3486     61543  80.34%   14705.004721    inf                  inf     4136    332   9811     6754k   701.1s
    139231    3491     61931  80.42%   14705.012488    inf                  inf     3221    365   9959     6797k   725.3s
    139900    3490     62265  80.48%   14705.090425    inf                  inf     2804    298   9903     6879k   730.3s
    140509    3487     62570  80.52%   14705.114322    inf                  inf     2163    320   9868     6914k   735.3s
    141443    3498     63031  80.55%   14705.123597    inf                  inf     2749    332   9861     6952k   740.3s
    142352    3508     63480  80.55%   14705.155842    inf                  inf     2939    251   9846     6993k   745.4s
    143382    3519     63987  80.55%   14705.16583     inf                  inf     3705    284   9936     7035k   750.4s

        Nodes      |    B&B Tree     |            Objective Bounds              |  Dynamic Constraints |       Work      
Src  Proc. InQueue |  Leaves   Expl. | BestBound       BestSol              Gap |   Cuts   InLp Confl. | LpIters     Time

    144139    3522     64363  80.55%   14705.428485    inf                  inf     4568    381   9969     7074k   755.4s
    145004    3545     64782  80.55%   14705.505856    inf                  inf     3546    385   9941     7115k   760.4s
    145748    3544     65154  80.65%   14705.594526    inf                  inf     2510    330   9954     7156k   765.4s
    146386    3545     65473  80.67%   14705.690381    inf                  inf     2594    275   9851     7195k   770.4s
    147331    3564     65934  80.68%   14705.785435    inf                  inf     2522    308   9821     7239k   775.5s
    148388    3581     66452  80.68%   14705.867321    inf                  inf     2885    350   9920     7295k   780.5s
    149404    3580     66958  80.69%   14705.937532    inf                  inf     2776    276   9989     7351k   785.5s
    150844    3601     67668  80.70%   14705.955631    inf                  inf     2823    310   9966     7413k   790.5s
    151997    3620     68234  80.72%   14705.955631    inf                  inf     2516    387   9866     7473k   795.6s
    153389    3632     68921  80.91%   14706.053394    inf                  inf     2952    257   9906     7530k   800.6s
    154992    3680     69694  81.01%   14706.121565    inf                  inf     3490    315   9793     7594k   805.7s
    156216    3691     70300  81.53%   14706.297428    inf                  inf     3442    383   9983     7653k   810.7s
    157253    3703     70808  81.54%   14706.387905    inf                  inf     3821    314   9936     7704k   815.7s
    158510    3724     71426  81.54%   14706.445085    inf                  inf     2468    273   9921     7760k   846.0s
    159085    3728     71710  81.61%   14706.465314    inf                  inf     2718    348   9874     7862k   851.0s
    159667    3733     72000  81.61%   14706.525967    inf                  inf     2855    321   9883     7890k   856.0s
    160361    3739     72342  81.68%   14706.556651    inf                  inf     2880    259   9811     7916k   861.0s
    161202    3753     72754  81.74%   14706.556651    inf                  inf     3175    379   9981     7943k   866.0s
    162013    3765     73154  81.74%   14706.565341    inf                  inf     3429    358   9761     7973k   871.0s
    163127    3771     73706  81.97%   14706.737077    inf                  inf     2949    289   9839     8014k   876.0s

        Nodes      |    B&B Tree     |            Objective Bounds              |  Dynamic Constraints |       Work      
Src  Proc. InQueue |  Leaves   Expl. | BestBound       BestSol              Gap |   Cuts   InLp Confl. | LpIters     Time

    164851    3806     74548  82.56%   14706.824412    inf                  inf     2191    342   9786     8076k   881.0s
    166134    3817     75184  82.56%   14706.837629    inf                  inf     3547    340   9956     8135k   886.0s
    167572    3837     75891  82.56%   14706.867194    inf                  inf     3854    372   9878     8193k   891.1s
    168567    3860     76376  82.65%   14706.885437    inf                  inf     2741    262   9965     8242k   896.1s
    169357    3877     76763  82.66%   14706.907448    inf                  inf     3367    350   9929     8277k   901.1s
    170054    3892     77103  84.63%   14706.935394    inf                  inf     2913    290   9939     8310k   906.1s
    170884    3895     77515  84.66%   14706.967667    inf                  inf     2382    350   9978     8355k   911.1s
    172072    3916     78099  85.05%   14707.029715    inf                  inf     3442    377   9997     8415k   916.1s
    173202    3938     78652  85.06%   14707.178711    inf                  inf     2225    382   9962     8474k   921.1s
    174444    3942     79270  85.16%   14707.233187    inf                  inf     3277    334   9915     8535k   926.1s
    175847    3959     79962  85.17%   14707.265233    inf                  inf     3310    396   9824     8594k   931.1s
    176950    3972     80506  85.18%   14707.415507    inf                  inf     3413    310   9973     8654k   936.1s
    178101    3971     81080  85.19%   14707.475554    inf                  inf     3020    297   9838     8709k   941.1s
    179476    3995     81752  85.28%   14707.540111    inf                  inf     3067    310   9901     8768k   946.1s
    180455    3999     82239  85.42%   14707.595506    inf                  inf     3904    401   9944     8826k   951.1s
    181633    4011     82822  85.77%   14707.625598    inf                  inf     3998    302   9998     8882k   956.1s
    182902    4026     83448  85.87%   14707.67846     inf                  inf     3265    287   9915     8939k   961.1s
    183898    4021     83947  85.87%   14707.724124    inf                  inf     3752    362   9993     8995k   966.1s
    185046    4020     84520  86.06%   14707.809746    inf                  inf     2650    317   9871     9053k   971.2s
    186203    4033     85090  86.06%   14707.809746    inf                  inf     3186    308   9985     9112k   976.2s

        Nodes      |    B&B Tree     |            Objective Bounds              |  Dynamic Constraints |       Work      
Src  Proc. InQueue |  Leaves   Expl. | BestBound       BestSol              Gap |   Cuts   InLp Confl. | LpIters     Time

    187517    4048     85739  86.48%   14707.852699    inf                  inf     3484    328   9929     9174k   981.2s
    188647    4055     86300  86.48%   14707.968505    inf                  inf     3544    329   9873     9231k   986.3s
    189768    4065     86851  86.49%   14708.027255    inf                  inf     4167    277   9954     9292k   991.3s
    190766    4060     87353  86.94%   14708.04538     inf                  inf     3331    291   9732     9355k   996.4s
    191312    4064     87623  86.94%   14708.127408    inf                  inf     3265    376   9809     9387k  1016.7s
    192423    4074     88173  86.94%   14708.169466    inf                  inf     3361    333   9918     9527k  1021.7s
    193587    4081     88752  86.94%   14708.241667    inf                  inf     3346    376   9999     9587k  1026.9s
    194649    4090     89276  87.03%   14708.241667    inf                  inf     2368    367   9866     9650k  1031.9s
    195674    4094     89783  87.06%   14708.263963    inf                  inf     3321    379   9875     9711k  1036.9s
    196851    4106     90366  87.12%   14708.400252    inf                  inf     2933    377   9898     9768k  1041.9s
    197958    4100     90922  87.40%   14708.524005    inf                  inf     3456    308   9924     9829k  1046.9s
    199166    4101     91526  87.54%   14708.682377    inf                  inf     3081    334   9937     9893k  1051.9s
    200117    4106     91998  87.54%   14708.707354    inf                  inf     2486    317   9884     9948k  1056.9s
    200841    4113     92354  88.05%   14708.707354    inf                  inf     3294    339   9640     9991k  1062.0s
    201519    4122     92684  88.05%   14708.763432    inf                  inf     2330    374   9992    10027k  1067.0s
    202148    4118     93000  88.12%   14708.839487    inf                  inf     2502    361   9957    10063k  1072.0s
    202754    4119     93300  88.12%   14708.855651    inf                  inf     2776    324   9898    10103k  1077.0s
    203577    4127     93707  88.12%   14708.860909    inf                  inf     3459    282   9952    10150k  1082.0s
    204535    4122     94187  88.15%   14708.994817    inf                  inf     3223    325   9736    10212k  1087.0s
    205534    4123     94684  88.26%   14709.093159    inf                  inf     2643    365   9869    10277k  1092.0s

        Nodes      |    B&B Tree     |            Objective Bounds              |  Dynamic Constraints |       Work      
Src  Proc. InQueue |  Leaves   Expl. | BestBound       BestSol              Gap |   Cuts   InLp Confl. | LpIters     Time

    206475    4138     95147  88.27%   14709.152314    inf                  inf     2811    358   9930    10330k  1097.1s
    207120    4150     95462  88.28%   14709.160053    inf                  inf     2820    319   9860    10364k  1102.2s
    207775    4150     95790  88.28%   14709.284619    inf                  inf     3166    386   9874    10403k  1107.2s
    208671    4153     96234  88.30%   14709.319324    inf                  inf     2920    331   9997    10452k  1112.2s
    209370    4155     96580  88.32%   14709.319632    inf                  inf     2390    271   9982    10487k  1117.2s
    210305    4170     97040  88.32%   14709.420161    inf                  inf     2864    395   9816    10545k  1122.2s
    211448    4189     97602  88.32%   14709.516229    inf                  inf     2516    369   9872    10610k  1127.3s
    212404    4182     98082  88.34%   14709.615361    inf                  inf     4084    326   9867    10670k  1132.3s
    213358    4183     98558  88.48%   14709.690909    inf                  inf     2526    397   9820    10732k  1137.3s
    214288    4179     99022  88.53%   14709.743767    inf                  inf     2817    295   9925    10795k  1142.3s
    215244    4179     99500  88.56%   14709.880099    inf                  inf     2893    456   9359    10859k  1147.3s
    216283    4185    100015  88.60%   14709.949126    inf                  inf     2785    342   9360    10924k  1152.3s
    216403    4186    100074  88.64%   14709.949126    inf                  inf     2901    382   9274    10933k  1158.8s
    217674    4186    100709  88.69%   14709.956838    inf                  inf     2815    344   9891    11029k  1163.8s
    218730    4189    101235  88.69%   14710.001981    inf                  inf     3149    306   9959    11093k  1168.8s
    219943    4203    101833  88.72%   14710.012854    inf                  inf     2278    346   9893    11159k  1173.8s
    220937    4201    102331  88.77%   14710.239682    inf                  inf     2777    332   9837    11221k  1178.8s
    221839    4195    102784  88.85%   14710.378997    inf                  inf     2374    298   9695    11288k  1183.9s
    222771    4190    103251  88.89%   14710.476504    inf                  inf     2981    357   9813    11354k  1188.9s
    223883    4186    103808  89.15%   14710.614303    inf                  inf     3204    354   9878    11421k  1193.9s

        Nodes      |    B&B Tree     |            Objective Bounds              |  Dynamic Constraints |       Work      
Src  Proc. InQueue |  Leaves   Expl. | BestBound       BestSol              Gap |   Cuts   InLp Confl. | LpIters     Time

    224844    4184    104289  89.16%   14710.665623    inf                  inf     3028    327   9768    11486k  1198.9s
    224944    4185    104339  89.16%   14710.665623    inf                  inf     2921    350   9845    11492k  1226.2s
    225979    4173    104862  89.17%   14710.72688     inf                  inf     3048    362   9807    11676k  1231.2s
    226786    4162    105270  92.35%   14710.773247    inf                  inf     2871    344   9659    11736k  1236.2s
    227842    4154    105801  92.55%   14710.895984    inf                  inf     3297    308   9410    11795k  1241.2s
    229106    4161    106426  92.89%   14710.922251    inf                  inf     3250    288   9685    11854k  1246.2s
    230109    4160    106926  92.91%   14711.001663    inf                  inf     2498    350   9918    11920k  1251.2s
    231137    4166    107434  92.92%   14711.138844    inf                  inf     2689    401   9938    11982k  1256.2s
    232289    4170    108006  92.93%   14711.147202    inf                  inf     2950    355   9979    12041k  1261.2s
    233474    4174    108595  92.93%   14711.231066    inf                  inf     2762    299   9958    12107k  1266.2s
    234600    4170    109158  93.12%   14711.292823    inf                  inf     2882    350   9867    12169k  1271.3s
    235636    4176    109671  93.13%   14711.292823    inf                  inf     2324    320   9807    12234k  1276.3s
    236690    4175    110199  93.16%   14711.458193    inf                  inf     2943    353   9795    12297k  1281.3s
    237494    4176    110599  93.16%   14711.525547    inf                  inf     2753    291   9920    12344k  1286.3s
    238189    4180    110944  93.26%   14711.558021    inf                  inf     3026    342   9792    12387k  1291.3s
    238803    4185    111248  93.27%   14711.558021    inf                  inf     2052    276   9980    12426k  1296.3s
    239459    4201    111567  93.27%   14711.623913    inf                  inf     2458    288   9986    12462k  1301.3s
    240137    4217    111899  93.27%   14711.652095    inf                  inf     2701    305   9890    12497k  1306.3s
    240759    4228    112204  93.27%   14711.652095    inf                  inf     3124    289  10000    12530k  1311.3s
    241240    4221    112447  93.27%   14711.756634    inf                  inf     2966    285   9910    12561k  1316.3s

        Nodes      |    B&B Tree     |            Objective Bounds              |  Dynamic Constraints |       Work      
Src  Proc. InQueue |  Leaves   Expl. | BestBound       BestSol              Gap |   Cuts   InLp Confl. | LpIters     Time

    241767    4226    112707  93.27%   14711.756634    inf                  inf     2322    364   9930    12595k  1321.4s
    242421    4236    113030  93.27%   14711.756634    inf                  inf     2314    341   9730    12631k  1326.4s
    243010    4235    113325  93.30%   14711.759702    inf                  inf     2597    384   9966    12667k  1331.4s
    243487    4229    113567  93.30%   14711.787524    inf                  inf     2327    365   9939    12698k  1336.6s
    243976    4229    113810  93.30%   14711.812406    inf                  inf     2643    386   9959    12726k  1341.6s
    244420    4222    114033  93.31%   14711.826972    inf                  inf     2961    306   9906    12756k  1346.6s
    244985    4230    114313  93.31%   14711.870626    inf                  inf     2567    302   9808    12788k  1351.6s
    245444    4233    114540  93.31%   14711.886856    inf                  inf     2858    455   9789    12818k  1356.7s
    245902    4227    114770  93.32%   14711.942677    inf                  inf     3540    322   9984    12847k  1361.7s
    246441    4229    115039  93.72%   14711.979356    inf                  inf     2663    326   9936    12880k  1366.7s
    247327    4244    115472  93.72%   14712.031661    inf                  inf     2606    296   9955    12920k  1371.7s
    248618    4252    116111  93.72%   14712.135674    inf                  inf     3996    284   9895    12981k  1376.7s
    249571    4244    116589  93.73%   14712.265421    inf                  inf     3270    390   9808    13037k  1381.8s
    250584    4231    117102  93.75%   14712.318924    inf                  inf     2624    314   9546    13099k  1386.8s
    251794    4247    117697  93.75%   14712.327883    inf                  inf     2514    289   9806    13161k  1391.8s
    252835    4242    118219  94.78%   14712.439851    inf                  inf     3027    354   9862    13225k  1396.8s
    253893    4247    118740  95.21%   14712.549513    inf                  inf     2595    376   9988    13288k  1401.8s
    254926    4248    119255  95.31%   14712.674697    inf                  inf     3275    387   9903    13348k  1406.9s
    255796    4251    119688  95.40%   14712.751627    inf                  inf     3136    344   9854    13409k  1411.9s
    256835    4253    120206  95.42%   14712.771756    inf                  inf     2816    303   9821    13470k  1416.9s

        Nodes      |    B&B Tree     |            Objective Bounds              |  Dynamic Constraints |       Work      
Src  Proc. InQueue |  Leaves   Expl. | BestBound       BestSol              Gap |   Cuts   InLp Confl. | LpIters     Time

    257935    4264    120749  95.42%   14712.823724    inf                  inf     2444    320   9895    13530k  1421.9s
    258976    4257    121271  95.47%   14712.910907    inf                  inf     2160    309   9868    13589k  1426.9s
    260237    4269    121896  95.48%   14712.974002    inf                  inf     2941    335   9916    13656k  1432.1s
    261390    4274    122469  95.48%   14713.057929    inf                  inf     2310    360   9736    13721k  1437.1s
    262527    4270    123039  95.48%   14713.153863    inf                  inf     2155    325   9992    13783k  1442.1s
    263535    4265    123542  95.51%   14713.175932    inf                  inf     2805    373   9774    13849k  1447.1s
    264776    4277    124157  95.51%   14713.209201    inf                  inf     2878    389   9915    13912k  1452.1s
    265807    4267    124676  95.53%   14713.25311     inf                  inf     2801    387   9793    13976k  1457.1s
    266715    4259    125133  95.55%   14713.31453     inf                  inf     2579    346   9926    14036k  1462.1s
    267529    4244    125547  95.57%   14713.406112    inf                  inf     2488    439   9769    14095k  1467.1s
    268407    4237    125982  95.57%   14713.438829    inf                  inf     2533    352   9695    14155k  1472.1s
    269303    4224    126438  95.70%   14713.520103    inf                  inf     2536    383   9681    14214k  1477.1s
    270334    4225    126953  95.70%   14713.61964     inf                  inf     2895    287   9939    14276k  1482.1s
    271125    4202    127359  95.74%   14713.700694    inf                  inf     2700    290   9755    14339k  1487.1s
    272034    4192    127818  95.76%   14713.83218     inf                  inf     2811    325   9785    14396k  1492.1s
    272629    4181    128119  95.76%   14713.87016     inf                  inf     2553    335   9903    14446k  1497.1s
    273109    4186    128356  95.76%   14713.897404    inf                  inf     2919    264   9897    14471k  1531.6s
    273910    4176    128762  95.77%   14713.936945    inf                  inf     3197    458   9448    14623k  1536.6s
    274878    4166    129249  95.78%   14713.965926    inf                  inf     3135    402   9537    14686k  1541.7s
    275934    4165    129776  95.78%   14714.004293    inf                  inf     2430    341   9820    14747k  1546.7s

        Nodes      |    B&B Tree     |            Objective Bounds              |  Dynamic Constraints |       Work      
Src  Proc. InQueue |  Leaves   Expl. | BestBound       BestSol              Gap |   Cuts   InLp Confl. | LpIters     Time

    277032    4149    130331  95.79%   14714.012254    inf                  inf     2980    351   9998    14816k  1551.7s
    277732    4155    130678  96.04%   14714.024317    inf                  inf     3103    439   9818    14853k  1556.7s
    278260    4143    130948  96.04%   14714.061572    inf                  inf     2412    429   9825    14883k  1561.7s
    278796    4144    131215  96.04%   14714.08472     inf                  inf     2443    379   9501    14912k  1566.7s
    279291    4137    131464  96.05%   14714.124992    inf                  inf     3139    348   9278    14937k  1571.7s
    279737    4126    131692  96.08%   14714.179499    inf                  inf     3010    295   8981    14971k  1576.7s
    280622    4105    132144  96.11%   14714.214012    inf                  inf     2908    413   8784    15027k  1581.7s
    281637    4109    132646  96.11%   14714.25016     inf                  inf     3923    456   9488    15089k  1586.7s
    282667    4107    133163  96.22%   14714.30122     inf                  inf     4056    334   9871    15144k  1591.8s
    283947    4112    133798  96.22%   14714.417535    inf                  inf     4149    369   9565    15200k  1596.9s
    284899    4111    134273  96.32%   14714.552167    inf                  inf     3346    300   9898    15256k  1601.9s
    285928    4105    134788  96.37%   14714.584984    inf                  inf     2519    302   9858    15315k  1606.9s
    286713    4077    135194  96.42%   14714.674287    inf                  inf     2609    360   9481    15374k  1611.9s
    287975    4066    135826  96.63%   14714.726099    inf                  inf     3462    306   9433    15439k  1616.9s
    289147    4065    136412  96.65%   14714.92383     inf                  inf     3819    279   9779    15496k  1621.9s
    290235    4051    136959  96.71%   14715.026594    inf                  inf     3240    344   9883    15550k  1626.9s
    291660    4027    137680  96.84%   14715.074345    inf                  inf     2669    309   9639    15602k  1632.0s
    292875    4004    138297  96.97%   14715.188426    inf                  inf     3614    300   9158    15658k  1637.0s
    294517    4019    139106  96.97%   14715.3095      inf                  inf     3730    237   9885    15710k  1642.0s
    295709    4015    139703  96.97%   14715.342692    inf                  inf     2863    249   9839    15762k  1647.0s

        Nodes      |    B&B Tree     |            Objective Bounds              |  Dynamic Constraints |       Work      
Src  Proc. InQueue |  Leaves   Expl. | BestBound       BestSol              Gap |   Cuts   InLp Confl. | LpIters     Time

    297046    4002    140376  96.97%   14715.421901    inf                  inf     3159    245   9892    15823k  1652.0s
    298661    4017    141177  97.00%   14715.485696    inf                  inf     3211    331   9889    15883k  1657.0s
    300152    4029    141912  97.00%   14715.499699    inf                  inf     3309    372   9935    15952k  1662.0s
    301562    4025    142619  97.01%   14715.557741    inf                  inf     3109    268   9808    16011k  1667.1s
    302712    4009    143201  97.03%   14715.611804    inf                  inf     4348    332   9671    16069k  1672.1s
    303832    3965    143782  97.05%   14715.719453    inf                  inf     2581    284   8325    16126k  1677.1s
    304740    3940    144247  97.07%   14715.757351    inf                  inf     3096    399   7653    16183k  1682.1s
    305760    3912    144771  97.07%   14715.841371    inf                  inf     3194    301   7129    16238k  1687.1s
    307139    3908    145460  97.16%   14715.881435    inf                  inf     3398    244   7798    16298k  1692.1s
    308253    3890    146025  97.16%   14715.927632    inf                  inf     3150    285   8679    16356k  1697.1s
    309706    3867    146759  97.22%   14716.014056    inf                  inf     3432    307   9466    16423k  1702.1s
    309874    3851    146851  97.22%   14716.055604    inf                  inf     3205    316   9118    16432k  1714.3s
    311011    3817    147436  97.23%   14716.212169    inf                  inf     3800    279   9227    16547k  1719.3s
    312479    3825    148165  97.23%   14716.226666    inf                  inf     3785    235   9822    16613k  1724.3s
    313681    3799    148777  97.25%   14716.263465    inf                  inf     2836    187   9278    16673k  1729.3s
    315038    3778    149466  97.54%   14716.334978    inf                  inf     4404    296   9468    16735k  1734.3s
    316147    3757    150030  97.55%   14716.438666    inf                  inf     3119    271   9758    16787k  1739.3s
    317032    3718    150491  97.57%   14716.55358     inf                  inf     3119    381   7910    16846k  1744.3s
    318189    3686    151084  97.64%   14716.638997    inf                  inf     2583    260   7563    16904k  1749.4s
    319348    3654    151676  97.73%   14716.772612    inf                  inf     3114    338   6820    16966k  1754.4s

        Nodes      |    B&B Tree     |            Objective Bounds              |  Dynamic Constraints |       Work      
Src  Proc. InQueue |  Leaves   Expl. | BestBound       BestSol              Gap |   Cuts   InLp Confl. | LpIters     Time

    320662    3618    152350  97.75%   14716.919006    inf                  inf     3445    235   7165    17022k  1759.4s
    322313    3585    153192  97.75%   14717.157929    inf                  inf     3500    345   7553    17074k  1764.4s
    323743    3559    153915  97.75%   14717.246059    inf                  inf     3007    350   8613    17129k  1769.4s
    325039    3542    154567  97.78%   14717.296948    inf                  inf     2286    312   9130    17183k  1774.4s
    326167    3488    155156  97.90%   14717.371639    inf                  inf     2753    323   7872    17238k  1779.4s
    327066    3447    155624  97.91%   14717.545137    inf                  inf     3285    349   7377    17297k  1784.4s
    327929    3377    156089  97.96%   14717.721418    inf                  inf     3710    334   5064    17346k  1789.4s
    329059    3332    156675  98.01%   14717.777843    inf                  inf     3900    306   4649    17402k  1794.4s
    330261    3312    157286  98.02%   14717.800386    inf                  inf     4980    319   6081    17463k  1799.4s
    331862    3291    158094  98.02%   14717.999465    inf                  inf     3570    183   7652    17515k  1804.4s
    333459    3262    158905  98.05%   14718.136873    inf                  inf     3411    208   8735    17559k  1809.4s
    334514    3235    159446  98.07%   14718.229236    inf                  inf     3339    334   8709    17618k  1814.4s
    335354    3191    159889  98.10%   14718.279605    inf                  inf     3376    361   7802    17681k  1819.4s
    335608    3178    160023  98.10%   14718.312729    inf                  inf     3486    335   7542    17696k  1853.1s
    336309    3116    160404  98.12%   14718.40923     inf                  inf     3324    346   6033    17907k  1858.1s
    337297    3067    160921  98.14%   14718.485816    inf                  inf     4022    324   5468    17968k  1863.2s
    338480    3031    161530  98.17%   14718.560971    inf                  inf     2481    317   5870    18024k  1868.2s
    339335    3018    161963  98.17%   14718.584129    inf                  inf     3493    273   6494    18088k  1873.2s
    340430    2981    162522  98.18%   14718.735177    inf                  inf     3983    294   7556    18147k  1878.2s
    341163    2920    162919  98.20%   14718.796258    inf                  inf     3417    369   6732    18204k  1883.2s

        Nodes      |    B&B Tree     |            Objective Bounds              |  Dynamic Constraints |       Work      
Src  Proc. InQueue |  Leaves   Expl. | BestBound       BestSol              Gap |   Cuts   InLp Confl. | LpIters     Time

    341797    2865    163263  98.23%   14718.870979    inf                  inf     3133    367   5070    18262k  1888.2s
    343139    2850    163942  98.25%   14718.987142    inf                  inf     3560    231   6146    18319k  1893.2s
    343952    2812    164366  98.28%   14719.093121    inf                  inf     3291    343   5720    18376k  1898.2s
    345079    2766    164951  98.28%   14719.23631     inf                  inf     3261    272   6598    18431k  1903.2s
    346237    2725    165547  98.29%   14719.341563    inf                  inf     3278    230   6403    18484k  1908.2s
    347445    2676    166175  98.29%   14719.486332    inf                  inf     2401    406   6797    18535k  1913.3s
    347907    2579    166454  98.29%   14719.587021    inf                  inf     3723    369   4297    18595k  1918.3s
    348457    2493    166772  98.30%   14719.794119    inf                  inf     2636    340   2567    18655k  1923.4s
    349326    2446    167229  98.31%   14719.863936    inf                  inf     3685    349   3165    18714k  1928.4s
    349977    2371    167591  98.35%   14720.049944    inf                  inf     2632    363   3614    18773k  1933.4s
    350568    2307    167918  98.55%   14720.135957    inf                  inf     3074    371   3940    18837k  1938.4s
    351472    2268    168386  98.55%   14720.264708    inf                  inf     3586    410   4274    18893k  1943.4s
    351830    2178    168610  98.57%   14720.381508    inf                  inf     2736    364   3502    18953k  1948.4s
    352349    2092    168913  99.07%   14720.537573    inf                  inf     2774    376   3335    19016k  1953.4s
    352831    1998    169198  99.10%   14720.635716    inf                  inf     3118    451   2433    19080k  1958.4s
    353300    1914    169475  99.10%   14720.747713    inf                  inf     2830    351   2429    19142k  1963.5s
    353718    1829    169726  99.15%   14720.903418    inf                  inf     2975    320   2097    19200k  1968.5s
    354414    1767    170104  99.19%   14721.071764    inf                  inf     3245    401   2791    19269k  1973.5s
    354879    1679    170381  99.30%   14721.169441    inf                  inf     3079    387   2814    19331k  1978.5s
    355361    1572    170675  99.40%   14721.485789    inf                  inf     3646    400   2155    19394k  1983.5s

        Nodes      |    B&B Tree     |            Objective Bounds              |  Dynamic Constraints |       Work      
Src  Proc. InQueue |  Leaves   Expl. | BestBound       BestSol              Gap |   Cuts   InLp Confl. | LpIters     Time

    355697    1458    170899  99.44%   14721.69768     inf                  inf     2323    389   1836    19456k  1988.5s
    355936    1330    171083  99.45%   14722.003854    inf                  inf     2119    465   1477    19522k  1993.5s
    356272    1209    171311  99.46%   14722.23381     inf                  inf     3099    434   1282    19585k  1998.5s
    356559    1039    171540  99.60%   14722.598274    inf                  inf     3194    383   1382    19656k  2003.5s
    356896     932    171762  99.61%   14722.835743    inf                  inf     3010    364   1433    19712k  2008.5s
    357351     826    172041  99.63%   14723.065656    inf                  inf     2778    436   1721    19775k  2013.5s
    357566     665    172229  99.65%   14723.57494     inf                  inf     2579    439   1353    19840k  2018.5s
    357777     510    172412  99.69%   14723.929956    inf                  inf     2754    418    887    19904k  2023.6s
    358053     382    172614  99.84%   14724.351529    inf                  inf     2679    410    998    19966k  2028.6s
    358355     264    172824  99.86%   14725.10335     inf                  inf     3255    462   1180    20031k  2033.6s
    358544      97    173002  99.97%   14726.398698    inf                  inf     2562    330   1064    20096k  2038.6s
    358676       0    173117 100.00%   inf             inf                  inf     2998    433   1006    20134k  2041.5s

Solving report
  Status            Infeasible
  Primal bound      inf
  Dual bound        inf
  Gap               inf
  P-D integral      0
  Solution status   -
  Timing            2041.47
                    52.62 (Presolve)
                        MIP    time [calls] = 0.03 [1]
                        subMIP time [calls] = 52.59 [5164]
                    1987.92 (Solve)
                        MIP    time [calls] = 1768.42 [1]
                        subMIP time [calls] = 219.50 [2560]
                    0.00 (Postsolve)
                        MIP    time [calls] = 0.00 [1]
                        subMIP time [calls] = 0.00 [5164]
  Max sub-MIP depth 12
  Nodes             358676
  Repair LPs        0
  LP iterations     20134669
                    983267 (strong br.)
                    1636350 (separation)
                    1050151 (heuristics)
