MIP has 105 rows; 1041 cols; 3637 nonzeros; 1041 integer variables (907 binary)
Coefficient ranges:
  Matrix  [1e+00, 3e+02]
  Cost    [9e+01, 3e+02]
  Bound   [1e+00, 5e+00]
  RHS     [1e+00, 1e+04]
Assessing feasibility of MIP using primal feasibility and integrality tolerance of       1e-08
WARNING: Row    104 has         infeasibility of           1 from [lower, value, upper] = [           -inf;           14730;           14729]
Solution has               num          max          sum
Col     infeasibilities      0            0            0
Integer infeasibilities      0            0            0
Row     infeasibilities      1            1            1
Row     residuals            0            0            0
User-supplied values of discrete variables cannot yield feasible solution
Presolving model
102 rows, 1036 cols, 3622 nonzeros 0s
99 rows, 959 cols, 3051 nonzeros 0s
Presolve reductions: rows 99(-6); columns 959(-82); nonzeros 3051(-586) 
Objective function is integral with scale 1

Solving MIP model with:
   99 rows
   959 cols (850 binary, 109 integer, 0 implied int., 0 continuous, 0 domain fixed)
   3051 nonzeros
   Thread count 7 (of 14 threads). Using 1 max workers. Parallel search off

Src: B => Branching; C => Central rounding; F => Feasibility pump; H => Heuristic;
     I => Shifting; J => Feasibility jump; L => Sub-MIP; P => Empty MIP; R => Randomized rounding;
     S => Solve LP; T => Evaluate node; U => Unbounded; X => User solution; Y => HiGHS solution;
     Z => ZI Round; l => Trivial lower; p => Trivial point; u => Trivial upper; z => Trivial zero

        Nodes      |    B&B Tree     |            Objective Bounds              |  Dynamic Constraints |       Work      
Src  Proc. InQueue |  Leaves   Expl. | BestBound       BestSol              Gap |   Cuts   InLp Confl. | LpIters     Time

         0       0         0   0.00%   872             inf                  inf        0      0      0         0     0.1s
         0       0         0   0.00%   14200.013631    inf                  inf        0      0      4       131     0.1s
        19       0         8  24.22%   14660.428394    inf                  inf     5650    194    670     52090     5.1s
       263      30       109  26.35%   14662.367354    inf                  inf     5574    384   2700    124815    10.1s
      1042     116       449  31.15%   14662.367354    inf                  inf     5312    308   5681    168983    15.1s
      1835     189       794  36.21%   14662.367354    inf                  inf     4192    360   8203    217405    20.1s
      2344     228      1022  38.46%   14666.462424    inf                  inf     3050    396   8438    257015    25.3s
      3206     277      1425  39.36%   14669.40314     inf                  inf     3059    378   9583    311159    30.3s

Restarting search from the root node
Model after restart has 99 rows, 951 cols (845 bin., 106 int., 0 impl., 0 cont., 0 dom.fix.), and 3014 nonzeros

      3615       0         0   0.00%   14669.501457    inf                  inf      369      0      0    344962    35.0s
      3615       0         0   0.00%   14669.501457    inf                  inf      369    178      4    345625    35.0s
      3623       0         1   0.78%   14672.333333    inf                  inf     1497    186    331    352588    40.1s
      5134     117       678  13.60%   14672.333333    inf                  inf     2550    255   4742    413359    45.1s
      6473     201      1282  17.26%   14672.333333    inf                  inf     4047    287   8670    472333    50.1s
      8001     303      1979  18.55%   14676.266442    inf                  inf     2828    229   9829    523553    55.1s

Restarting search from the root node
Model after restart has 99 rows, 950 cols (846 bin., 104 int., 0 impl., 0 cont., 0 dom.fix.), and 3013 nonzeros

      8674       0         0   0.00%   14676.266442    inf                  inf      239      0      0    541333    57.1s
      8674       0         0   0.00%   14676.266442    inf                  inf      239    151      4    541817    57.1s
      8674       0         0   0.00%   14676.266442    inf                  inf     1242    177    287    560599    63.9s
     10739     126       937  19.94%   14676.266442    inf                  inf     2854    255   6185    612078    68.9s
     12210     247      1589  21.04%   14676.266442    inf                  inf     3111    259   9727    666398    74.0s
     13369     339      2115  24.11%   14677.395792    inf                  inf     3536    359   9511    712941    79.0s

        Nodes      |    B&B Tree     |            Objective Bounds              |  Dynamic Constraints |       Work      
Src  Proc. InQueue |  Leaves   Expl. | BestBound       BestSol              Gap |   Cuts   InLp Confl. | LpIters     Time

     14962     454      2833  24.73%   14677.523547    inf                  inf     3456    316   9548    764112    84.2s

Restarting search from the root node
Model after restart has 99 rows, 950 cols (848 bin., 102 int., 0 impl., 0 cont., 0 dom.fix.), and 3012 nonzeros

     16060       0         0   0.00%   14677.784229    inf                  inf      343      0      0    794030    87.3s
     16060       0         0   0.00%   14677.784229    inf                  inf      343    177      4    794704    87.3s
     16060       0         0   0.00%   14677.784229    inf                  inf     1112    196    297    821396    95.6s
     17447     104       616  10.80%   14677.784229    inf                  inf     3495    394   3958    879517   100.6s
     18681     179      1175  13.65%   14677.784229    inf                  inf     3424    305   7427    929887   105.7s
     19929     269      1734  17.32%   14677.784229    inf                  inf     4416    329   9709    984097   110.8s
     21409     361      2422  23.92%   14677.784229    inf                  inf     3967    303   9975     1041k   115.8s
     22511     443      2920  23.98%   14679.321699    inf                  inf     2972    336   9730     1103k   120.8s
     23641     532      3435  28.69%   14679.321699    inf                  inf     3551    312   9754     1149k   125.8s
     25233     638      4174  30.20%   14679.407111    inf                  inf     3494    400   9659     1196k   130.8s
     26398     692      4723  30.34%   14680.271182    inf                  inf     3533    349   9802     1239k   135.8s
     27645     766      5304  30.34%   14680.643683    inf                  inf     3815    339   9721     1283k   140.8s
     29048     835      5960  30.35%   14681.332765    inf                  inf     4481    339   9920     1334k   145.8s
     30379     917      6573  30.53%   14681.67599     inf                  inf     2651    340   9912     1379k   150.8s

Restarting search from the root node
Model after restart has 99 rows, 949 cols (847 bin., 102 int., 0 impl., 0 cont., 0 dom.fix.), and 3010 nonzeros

     30706       0         0   0.00%   14681.67599     inf                  inf      398      0      0     1395k   152.6s
     30706       0         0   0.00%   14681.67599     inf                  inf      398    179      4     1396k   152.7s
     30706       0         0   0.00%   14681.67599     inf                  inf     1510    191    343     1446k   166.3s
     32259     106       699  49.69%   14681.67599     inf                  inf     2931    288   4033     1507k   171.3s
     33605     189      1307  53.43%   14681.67599     inf                  inf     2547    260   7720     1564k   176.3s

        Nodes      |    B&B Tree     |            Objective Bounds              |  Dynamic Constraints |       Work      
Src  Proc. InQueue |  Leaves   Expl. | BestBound       BestSol              Gap |   Cuts   InLp Confl. | LpIters     Time

     35004     263      1957  59.53%   14681.67599     inf                  inf     2255    283   9583     1622k   181.3s
     36486     347      2634  59.63%   14681.708672    inf                  inf     2121    290   9696     1681k   186.3s
     38142     429      3411  59.71%   14682.745222    inf                  inf     2744    310   9845     1739k   191.3s
     40267     546      4407  59.72%   14682.745222    inf                  inf     3307    245   9651     1794k   196.3s
     42051     657      5240  59.72%   14682.745222    inf                  inf     4290    362   9737     1845k   201.3s

Restarting search from the root node
Model after restart has 99 rows, 948 cols (846 bin., 102 int., 0 impl., 0 cont., 0 dom.fix.), and 3007 nonzeros

     42783       0         0   0.00%   14684.689417    inf                  inf      354      0      0     1874k   204.5s
     42783       0         0   0.00%   14684.689417    inf                  inf      354    182      4     1874k   204.5s
     42783       0         0   0.00%   14684.689417    inf                  inf     1654    195    299     1915k   215.7s
     44315      90       711  23.19%   14684.689417    inf                  inf     4225    277   3644     1966k   220.7s
     45799     178      1392  27.35%   14684.689417    inf                  inf     3180    298   7338     2026k   225.7s
     47804     281      2339  28.67%   14684.689417    inf                  inf     2780    232   9904     2080k   230.7s
     49662     377      3215  29.10%   14684.992415    inf                  inf     3549    222   9614     2130k   235.7s
     50964     436      3833  30.30%   14684.992415    inf                  inf     2914    294   9869     2178k   240.7s
     52322     485      4478  30.68%   14684.992415    inf                  inf     4188    286   9873     2227k   245.7s
     53754     543      5164  31.41%   14686.92676     inf                  inf     2978    286   9959     2277k   250.7s
     55062     595      5790  31.54%   14687.218518    inf                  inf     2661    292   9881     2328k   255.7s
     56660     658      6550  32.63%   14688.159531    inf                  inf     2866    259   9762     2380k   260.7s
     58374     738      7360  32.73%   14688.426309    inf                  inf     2324    314   9742     2438k   265.7s
     60086     818      8177  32.83%   14689.148016    inf                  inf     3222    298   9782     2491k   270.7s
     61979     896      9076  33.27%   14689.81201     inf                  inf     2663    275   9759     2544k   275.7s

        Nodes      |    B&B Tree     |            Objective Bounds              |  Dynamic Constraints |       Work      
Src  Proc. InQueue |  Leaves   Expl. | BestBound       BestSol              Gap |   Cuts   InLp Confl. | LpIters     Time

     63495     966      9797  33.29%   14689.83027     inf                  inf     3026    330   9939     2598k   280.7s
     65148    1025     10591  33.30%   14690.49734     inf                  inf     3183    302   9998     2656k   285.7s
     66517    1067     11250  33.44%   14690.914149    inf                  inf     2871    353   9762     2710k   290.7s
     67752    1105     11849  33.63%   14690.914149    inf                  inf     3174    358   9839     2764k   295.7s
     69147    1154     12518  33.89%   14690.914149    inf                  inf     2776    356   9859     2816k   300.7s
     70548    1198     13194  35.57%   14691.163032    inf                  inf     2875    303   9831     2871k   305.7s
     71703    1245     13743  42.08%   14691.163032    inf                  inf     2590    341   9861     2926k   310.7s
     73395    1302     14550  42.11%   14691.214403    inf                  inf     4159    340   9829     2978k   315.7s
     74557    1339     15112  42.22%   14691.468041    inf                  inf     3389    358   9802     3030k   320.7s
     76007    1377     15817  42.40%   14691.787786    inf                  inf     3220    331   9967     3085k   325.7s
     77299    1422     16439  42.49%   14692.0146      inf                  inf     2508    366   9807     3138k   330.7s
     78580    1458     17060  42.64%   14692.208826    inf                  inf     3086    334   9981     3190k   335.9s
     79872    1492     17687  43.26%   14692.344538    inf                  inf     3179    285   9883     3248k   340.9s
     81571    1547     18505  43.27%   14692.474526    inf                  inf     2460    248   9895     3309k   345.9s
     83064    1601     19221  43.34%   14692.630824    inf                  inf     2742    351   9934     3365k   350.9s
     84397    1643     19865  47.27%   14693.109386    inf                  inf     3297    350   9990     3423k   355.9s
     85648    1670     20470  47.27%   14693.294625    inf                  inf     2882    379   9886     3478k   360.9s
     86944    1700     21101  49.36%   14693.505807    inf                  inf     3051    331   9982     3532k   365.9s
     88303    1733     21761  49.44%   14693.588633    inf                  inf     3275    336   9897     3584k   370.9s
     89492    1745     22349  49.48%   14693.588647    inf                  inf     4090    378   9876     3634k   375.9s

        Nodes      |    B&B Tree     |            Objective Bounds              |  Dynamic Constraints |       Work      
Src  Proc. InQueue |  Leaves   Expl. | BestBound       BestSol              Gap |   Cuts   InLp Confl. | LpIters     Time

     89796    1750     22497  49.48%   14693.620421    inf                  inf     4276    379   9951     3646k   403.0s
     90865    1773     23012  49.57%   14693.993831    inf                  inf     4128    465   9807     3793k   408.0s
     92138    1800     23635  49.81%   14694.652412    inf                  inf     4289    341   9915     3849k   413.0s
     93940    1845     24507  50.13%   14695.148973    inf                  inf     2974    277   9990     3903k   418.0s
     95135    1879     25084  50.13%   14695.254995    inf                  inf     3350    333   9956     3956k   423.0s
     96462    1912     25726  50.13%   14695.287315    inf                  inf     3772    346   9855     4009k   428.0s
     97567    1930     26268  50.17%   14695.447874    inf                  inf     3734    408   9996     4065k   433.0s
     98725    1974     26823  53.34%   14695.462835    inf                  inf     3748    305   9849     4127k   438.0s
     99918    2001     27400  53.42%   14695.462835    inf                  inf     2715    343   9865     4185k   443.0s
    101214    2035     28031  53.53%   14695.487212    inf                  inf     4616    368   9713     4242k   448.1s
    102502    2065     28654  53.56%   14695.866512    inf                  inf     3441    414   9757     4296k   453.1s
    103786    2089     29286  53.59%   14696.117423    inf                  inf     3866    335   9846     4351k   458.1s
    104785    2103     29775  53.77%   14696.117423    inf                  inf     2622    351   9849     4408k   463.1s
    105894    2119     30321  53.89%   14696.239297    inf                  inf     3519    374   9820     4463k   468.1s
    107037    2139     30880  54.05%   14696.2737      inf                  inf     3428    367   9997     4521k   473.1s
    108148    2155     31426  54.56%   14696.273757    inf                  inf     2819    393   9972     4578k   478.1s
    109235    2174     31955  55.64%   14696.416669    inf                  inf     3415    356   9915     4634k   483.2s
    110569    2202     32606  55.74%   14696.478534    inf                  inf     2631    325   9991     4690k   488.2s
    111857    2238     33230  55.75%   14696.739196    inf                  inf     1685    373   9842     4747k   493.2s
    112951    2268     33762  55.80%   14697.008401    inf                  inf     2257    338   9839     4807k   498.3s

        Nodes      |    B&B Tree     |            Objective Bounds              |  Dynamic Constraints |       Work      
Src  Proc. InQueue |  Leaves   Expl. | BestBound       BestSol              Gap |   Cuts   InLp Confl. | LpIters     Time

    114132    2289     34342  56.68%   14697.26724     inf                  inf     2594    299   9800     4868k   503.3s
    115456    2320     34988  56.68%   14697.320763    inf                  inf     2928    305   9769     4927k   508.3s
    116585    2352     35535  56.70%   14697.519646    inf                  inf     3573    332   9783     4983k   513.3s
    118050    2383     36250  56.90%   14697.523813    inf                  inf     3397    268   9862     5042k   518.3s
    118904    2406     36666  56.93%   14697.6217      inf                  inf     2103    281   9844     5076k   540.1s
    120231    2431     37316  57.00%   14697.673717    inf                  inf     2480    270   9899     5223k   545.1s
    121517    2473     37935  57.08%   14697.91969     inf                  inf     2359    303   9892     5284k   550.1s
    122783    2496     38555  57.09%   14697.950789    inf                  inf     2335    344   9849     5343k   555.1s
    123862    2513     39083  59.03%   14698.173767    inf                  inf     2338    328   9973     5404k   560.1s
    125125    2544     39694  60.40%   14698.201507    inf                  inf     3789    267   9942     5466k   565.1s
    126131    2566     40184  65.88%   14698.303755    inf                  inf     2709    406   9808     5525k   570.2s
    127381    2595     40789  66.77%   14698.343781    inf                  inf     2561    359   9895     5584k   575.2s
    128557    2618     41365  66.95%   14698.473782    inf                  inf     2533    288   9881     5646k   580.2s
    129737    2652     41937  66.99%   14698.635307    inf                  inf     3177    329   9835     5706k   585.2s
    131102    2695     42598  67.00%   14698.79268     inf                  inf     3956    326   9990     5763k   590.2s
    132200    2723     43129  67.12%   14698.82645     inf                  inf     3183    404   9995     5815k   595.5s
    132718    2733     43382  67.22%   14698.951441    inf                  inf     2844    291   9884     5844k   600.5s
    133203    2741     43622  67.22%   14699.027896    inf                  inf     3149    323   9849     5873k   605.5s
    133902    2759     43958  67.23%   14699.027896    inf                  inf     2702    367   9924     5902k   610.5s
    134399    2775     44198  67.24%   14699.110149    inf                  inf     2927    289   9914     5928k   615.5s

        Nodes      |    B&B Tree     |            Objective Bounds              |  Dynamic Constraints |       Work      
Src  Proc. InQueue |  Leaves   Expl. | BestBound       BestSol              Gap |   Cuts   InLp Confl. | LpIters     Time

    134935    2782     44460  67.25%   14699.247843    inf                  inf     2805    257   9854     5953k   620.5s
    135441    2798     44705  68.41%   14700.018725    inf                  inf     2728    293   9999     5981k   625.5s
    135956    2809     44956  69.59%   14700.0446      inf                  inf     2554    384   9888     6007k   630.5s
    136486    2819     45216  69.60%   14700.0446      inf                  inf     2514    310   9956     6035k   635.6s
    137118    2839     45522  69.65%   14700.152266    inf                  inf     2768    265   9904     6062k   640.6s
    137867    2859     45885  69.65%   14700.29256     inf                  inf     2046    306   9873     6089k   645.6s
    138526    2877     46206  69.66%   14700.400044    inf                  inf     2112    359   9847     6119k   650.7s
    139089    2893     46478  69.67%   14700.400044    inf                  inf     1712    347   9996     6146k   655.7s
    139535    2900     46695  69.67%   14700.429155    inf                  inf     2147    367   9985     6174k   660.8s
    140041    2911     46942  69.67%   14700.429155    inf                  inf     2624    380   9978     6196k   734.9s
    140568    2920     47201  70.35%   14700.443947    inf                  inf     2060    374   9918     6361k   740.1s
    141169    2935     47492  70.36%   14700.640509    inf                  inf     2551    333   9870     6386k   745.1s
    141808    2946     47805  70.36%   14700.640509    inf                  inf     2044    317   9855     6414k   750.1s
    142367    2957     48077  70.54%   14700.765206    inf                  inf     2378    370   9975     6448k   755.1s
    142928    2971     48351  70.55%   14700.784707    inf                  inf     2415    362   9985     6477k   760.1s
    143572    2984     48666  70.55%   14700.784707    inf                  inf     1946    306   9855     6507k   765.2s
    144104    2995     48928  70.74%   14700.809572    inf                  inf     2149    340   9872     6535k   770.2s
    144535    3003     49138  70.77%   14700.898368    inf                  inf     1924    356   9951     6560k   775.2s
    145040    3011     49386  70.77%   14700.898368    inf                  inf     2443    339   9946     6590k   780.2s
    145628    3013     49679  70.79%   14700.905024    inf                  inf     2326    357   9844     6623k   785.2s

        Nodes      |    B&B Tree     |            Objective Bounds              |  Dynamic Constraints |       Work      
Src  Proc. InQueue |  Leaves   Expl. | BestBound       BestSol              Gap |   Cuts   InLp Confl. | LpIters     Time

    146611    3027     50162  70.99%   14701.121536    inf                  inf     3024    337   9844     6678k   790.2s
    147872    3045     50784  71.77%   14701.170793    inf                  inf     2723    331   9885     6735k   795.2s
    149111    3059     51392  72.05%   14701.395194    inf                  inf     1936    325   9916     6791k   800.2s
    150413    3082     52032  72.07%   14701.455703    inf                  inf     1907    407   9809     6858k   805.3s
    151581    3120     52596  72.07%   14701.556051    inf                  inf     2124    346   9961     6926k   810.3s
    152828    3160     53198  72.17%   14701.800855    inf                  inf     1852    267   9828     6988k   815.3s
    154109    3182     53827  72.17%   14701.865257    inf                  inf     1836    299  10000     7057k   820.3s
    155293    3207     54407  72.23%   14702.048811    inf                  inf     3180    351   9841     7118k   825.3s
    156508    3231     55002  72.23%   14702.048811    inf                  inf     3106    291   9723     7178k   830.3s
    157675    3264     55568  72.23%   14702.13668     inf                  inf     1938    354   9987     7245k   835.4s
    158942    3299     56183  73.80%   14702.437317    inf                  inf     1824    341   9952     7311k   840.4s
    160447    3332     56916  73.80%   14702.564386    inf                  inf     1906    316   9847     7380k   845.4s
    161784    3362     57570  73.89%   14702.794866    inf                  inf     2475    368   9961     7450k   850.4s
    163159    3389     58241  74.10%   14702.806448    inf                  inf     2356    294   9915     7511k   855.4s
    164466    3420     58877  74.10%   14702.95462     inf                  inf     2042    367   9964     7577k   860.4s
    165700    3448     59478  74.10%   14702.95462     inf                  inf     2191    345   9904     7638k   865.5s
    166760    3468     59998  74.11%   14702.993419    inf                  inf     2423    430   9977     7702k   870.5s
    168059    3479     60638  74.13%   14702.996865    inf                  inf     2409    240   9802     7764k   875.5s
    169402    3496     61297  74.14%   14703.073137    inf                  inf     2550    356   9789     7828k   880.5s
    170528    3514     61843  74.15%   14703.194354    inf                  inf     2688    338   9970     7884k   885.5s

        Nodes      |    B&B Tree     |            Objective Bounds              |  Dynamic Constraints |       Work      
Src  Proc. InQueue |  Leaves   Expl. | BestBound       BestSol              Gap |   Cuts   InLp Confl. | LpIters     Time

    171457    3523     62302  74.34%   14703.24176     inf                  inf     1690    359   9839     7947k   890.5s
    172642    3536     62887  74.39%   14703.574363    inf                  inf     2109    363   9852     8008k   895.5s
    174015    3573     63555  74.39%   14703.596077    inf                  inf     2873    358   9919     8068k   900.5s
    175051    3589     64065  74.40%   14703.812567    inf                  inf     2797    310   9788     8128k   905.5s
    176033    3601     64545  74.79%   14703.962315    inf                  inf     1865    320   9985     8178k   910.5s
    176701    3619     64871  74.79%   14703.962315    inf                  inf     2493    338   9923     8207k   915.5s
    176911    3620     64974  74.79%   14703.995748    inf                  inf     2539    324   9877     8222k   943.3s
    177396    3628     65213  74.81%   14704.145711    inf                  inf     3418    316   9953     8305k   948.3s
    178027    3646     65516  74.81%   14704.145711    inf                  inf     2170    330   9832     8332k   953.3s
    178690    3658     65841  74.82%   14704.194277    inf                  inf     2246    287   9884     8363k   958.3s
    179159    3666     66071  74.83%   14704.278806    inf                  inf     2382    292   9974     8389k   963.3s
    179571    3668     66276  74.85%   14704.278806    inf                  inf     1877    344   9964     8418k   968.3s
    180129    3674     66552  74.85%   14704.287988    inf                  inf     3061    305   9929     8445k   973.3s
    180669    3682     66818  74.86%   14704.464075    inf                  inf     2776    354   9832     8475k   978.3s
    181254    3696     67104  74.87%   14704.464533    inf                  inf     1758    296   9873     8508k   983.3s
    181811    3696     67381  74.92%   14704.464533    inf                  inf     2382    293   9892     8540k   988.4s
    182371    3707     67656  74.92%   14704.509608    inf                  inf     2744    295   9941     8575k   993.4s
    183014    3715     67973  74.94%   14704.643072    inf                  inf     2795    266   9897     8602k   998.4s
    183677    3726     68299  74.94%   14704.643072    inf                  inf     1961    368   9869     8634k  1003.4s
    184331    3739     68617  74.94%   14704.684307    inf                  inf     1922    315   9963     8662k  1008.5s

        Nodes      |    B&B Tree     |            Objective Bounds              |  Dynamic Constraints |       Work      
Src  Proc. InQueue |  Leaves   Expl. | BestBound       BestSol              Gap |   Cuts   InLp Confl. | LpIters     Time

    184979    3751     68934  74.94%   14704.816927    inf                  inf     1924    400   9971     8693k  1013.5s
    185479    3756     69182  74.94%   14704.816927    inf                  inf     2544    375   9978     8719k  1018.5s
    186014    3757     69450  74.94%   14704.887       inf                  inf     2653    376   9963     8749k  1023.5s
    186595    3769     69732  74.95%   14704.887       inf                  inf     2995    340   9936     8783k  1028.6s
    187241    3787     70045  75.73%   14704.936826    inf                  inf     2429    308   9861     8815k  1033.6s
    188408    3805     70620  76.11%   14704.966665    inf                  inf     2718    347   9962     8874k  1038.6s
    189488    3828     71147  76.13%   14704.966665    inf                  inf     3180    358   9930     8937k  1043.6s
    190748    3854     71763  76.14%   14705.061096    inf                  inf     3006    321   9971     8999k  1048.6s
    191933    3880     72342  76.14%   14705.106397    inf                  inf     2615    350   9837     9061k  1053.6s
    192893    3902     72808  76.14%   14705.10682     inf                  inf     2373    332   9858     9114k  1072.1s
    194044    3925     73371  76.15%   14705.12625     inf                  inf     2678    342   9982     9249k  1077.2s
    195129    3944     73898  76.16%   14705.331129    inf                  inf     3408    365   9928     9312k  1082.2s
    196278    3963     74461  76.16%   14705.370823    inf                  inf     3062    293   9996     9371k  1087.2s
    197412    3983     75016  76.22%   14705.424426    inf                  inf     2798    388   9979     9433k  1092.2s
    198685    4001     75640  76.22%   14705.437148    inf                  inf     2919    304   9844     9495k  1097.2s
    199891    4033     76225  76.27%   14705.562455    inf                  inf     2872    330   9845     9558k  1102.3s
    201156    4066     76840  76.27%   14705.616299    inf                  inf     3115    391   9926     9625k  1107.3s
    202348    4084     77424  76.37%   14705.640263    inf                  inf     3278    319   9968     9685k  1112.3s
    203442    4098     77964  77.05%   14705.653209    inf                  inf     2623    385   9871     9752k  1117.3s
    204719    4123     78588  77.15%   14705.66874     inf                  inf     2618    384   9982     9811k  1122.3s

        Nodes      |    B&B Tree     |            Objective Bounds              |  Dynamic Constraints |       Work      
Src  Proc. InQueue |  Leaves   Expl. | BestBound       BestSol              Gap |   Cuts   InLp Confl. | LpIters     Time

    206165    4174     79285  77.15%   14705.732664    inf                  inf     2675    276   9994     9879k  1127.3s
    207261    4195     79820  77.15%   14705.743546    inf                  inf     3109    309   9885     9945k  1132.3s
    208418    4209     80391  77.15%   14705.743546    inf                  inf     2547    436   9948    10007k  1137.4s
    209619    4235     80980  77.15%   14705.743546    inf                  inf     2611    366   9793    10073k  1142.4s
    210717    4253     81521  77.15%   14705.743546    inf                  inf     2188    296   9964    10137k  1147.4s
    211079    4262     81696  77.15%   14705.743546    inf                  inf     2131    290   9907    10157k  1162.0s
    212422    4287     82356  77.15%   14705.743546    inf                  inf     3056    345   9973    10270k  1167.0s
    213625    4317     82942  77.15%   14705.813842    inf                  inf     3209    330   9833    10333k  1172.0s
    214911    4333     83574  77.15%   14705.813842    inf                  inf     2803    305   9891    10396k  1177.0s
    216240    4359     84224  77.16%   14705.833154    inf                  inf     2432    333   9953    10464k  1182.0s
    217332    4361     84769  77.19%   14705.904434    inf                  inf     2358    352   9825    10527k  1187.1s
    218502    4389     85340  77.19%   14705.944066    inf                  inf     3207    260   9999    10595k  1192.1s
    219652    4406     85904  77.20%   14706.027817    inf                  inf     2262    301   9837    10658k  1197.1s
    220990    4421     86565  77.30%   14706.088663    inf                  inf     2762    282   9864    10721k  1202.1s
    222245    4444     87181  77.31%   14706.149081    inf                  inf     2731    330   9813    10783k  1207.1s
    223484    4470     87785  77.32%   14706.150308    inf                  inf     3083    280   9813    10849k  1212.1s
    224787    4499     88421  77.32%   14706.162193    inf                  inf     2087    296   9931    10914k  1217.1s
    225109    4510     88578  77.41%   14706.222674    inf                  inf     2031    366   9933    10933k  1227.7s
    226266    4520     89146  77.61%   14706.222674    inf                  inf     3416    312   9823    11028k  1232.7s
    227514    4536     89759  77.67%   14706.24424     inf                  inf     2969    313   9854    11089k  1237.7s

        Nodes      |    B&B Tree     |            Objective Bounds              |  Dynamic Constraints |       Work      
Src  Proc. InQueue |  Leaves   Expl. | BestBound       BestSol              Gap |   Cuts   InLp Confl. | LpIters     Time

    228659    4558     90320  77.71%   14706.421402    inf                  inf     2867    319   9881    11151k  1242.8s
    229650    4569     90808  77.82%   14706.479132    inf                  inf     2663    389   9986    11211k  1247.8s
    230696    4576     91328  78.30%   14706.503128    inf                  inf     3043    379   9942    11273k  1252.8s
    231972    4589     91956  78.35%   14706.624425    inf                  inf     3022    342   9875    11337k  1257.9s
    232884    4590     92412  78.60%   14706.626376    inf                  inf     2803    456   9736    11401k  1263.0s
    233900    4596     92916  78.63%   14706.677184    inf                  inf     2707    321   9896    11460k  1268.0s
    234880    4602     93403  78.64%   14706.69043     inf                  inf     3166    353   9841    11523k  1273.1s
    235081    4605     93503  78.64%   14706.691178    inf                  inf     3743    426   9912    11538k  1293.0s
    236095    4608     94007  78.66%   14706.719656    inf                  inf     3396    302   9936    11665k  1298.0s
    237769    4644     94825  78.67%   14706.860681    inf                  inf     2630    345   9950    11728k  1303.1s
    238854    4657     95360  78.68%   14706.927239    inf                  inf     2717    347   9992    11783k  1308.1s
    239972    4660     95917  78.70%   14707.10508     inf                  inf     2389    306   9930    11844k  1313.1s
    241148    4676     96497  79.07%   14707.23276     inf                  inf     2637    309   9757    11906k  1318.1s
    242198    4682     97018  79.12%   14707.249955    inf                  inf     3459    285   9856    11962k  1323.1s
    243214    4692     97520  79.16%   14707.371154    inf                  inf     2485    345   9912    12021k  1328.1s
    244229    4693     98026  79.24%   14707.379623    inf                  inf     2993    339   9870    12083k  1333.1s
    245191    4693     98506  79.28%   14707.547555    inf                  inf     3214    338   9960    12147k  1338.1s
    246324    4702     99065  80.07%   14707.572412    inf                  inf     2653    300   9814    12213k  1343.1s
    247471    4711     99634  80.22%   14707.593199    inf                  inf     3291    329   9853    12275k  1348.1s
    248434    4720    100110  80.27%   14707.603663    inf                  inf     2164    330   9857    12339k  1353.1s

        Nodes      |    B&B Tree     |            Objective Bounds              |  Dynamic Constraints |       Work      
Src  Proc. InQueue |  Leaves   Expl. | BestBound       BestSol              Gap |   Cuts   InLp Confl. | LpIters     Time

    249511    4733    100641  80.38%   14707.657297    inf                  inf     2569    396   9880    12402k  1358.1s
    250739    4738    101251  80.63%   14707.763998    inf                  inf     2543    334   9974    12461k  1363.1s
    251758    4745    101757  80.77%   14707.863706    inf                  inf     2680    318   9970    12523k  1368.1s
    252685    4747    102219  80.77%   14707.9042      inf                  inf     2761    412   9913    12584k  1373.1s
    253797    4753    102771  84.64%   14707.945627    inf                  inf     2229    304   9882    12648k  1378.1s
    254867    4750    103306  84.65%   14708.241566    inf                  inf     2716    366   9814    12708k  1383.1s
    256059    4765    103895  84.66%   14708.280632    inf                  inf     2777    314   9871    12771k  1388.1s
    257203    4780    104456  84.69%   14708.524211    inf                  inf     3412    362   9982    12836k  1393.1s
    258252    4784    104976  84.71%   14708.580933    inf                  inf     2689    417   9992    12899k  1398.2s
    259322    4785    105511  84.72%   14708.746861    inf                  inf     2621    368   9748    12960k  1403.2s
    260372    4798    106029  84.72%   14708.829305    inf                  inf     2775    270   9989    13016k  1408.2s
    261477    4806    106575  84.72%   14708.831048    inf                  inf     2875    349   9868    13077k  1413.2s
    262254    4816    106958  84.72%   14708.932468    inf                  inf     3659    264   9734    13113k  1437.4s
    263315    4813    107489  84.93%   14709.075413    inf                  inf     2222    376   9884    13246k  1442.5s
    264545    4822    108096  84.93%   14709.088397    inf                  inf     2812    338   9960    13306k  1447.5s
    265649    4830    108644  84.95%   14709.211467    inf                  inf     2984    347   9789    13368k  1452.5s
    266650    4831    109142  85.37%   14709.218088    inf                  inf     2354    291   9905    13430k  1457.5s
    267851    4847    109730  85.37%   14709.266987    inf                  inf     2632    335   9918    13486k  1462.5s
    268843    4855    110221  85.37%   14709.266987    inf                  inf     2923    285   9916    13549k  1467.5s
    269784    4862    110688  85.52%   14709.443988    inf                  inf     2761    305   9511    13604k  1472.6s

        Nodes      |    B&B Tree     |            Objective Bounds              |  Dynamic Constraints |       Work      
Src  Proc. InQueue |  Leaves   Expl. | BestBound       BestSol              Gap |   Cuts   InLp Confl. | LpIters     Time

    270800    4862    111194  85.81%   14709.58688     inf                  inf     2253    329   9926    13663k  1477.6s
    271845    4872    111710  85.96%   14709.608807    inf                  inf     2948    391   9913    13724k  1482.6s
    272710    4874    112143  85.96%   14709.617272    inf                  inf     2439    341   9787    13780k  1487.6s
    273658    4870    112619  85.97%   14709.713937    inf                  inf     2309    338   9960    13835k  1492.6s
    274620    4865    113100  86.07%   14709.78218     inf                  inf     2579    382   9990    13894k  1497.6s
    275433    4861    113506  86.08%   14709.80895     inf                  inf     2205    353   9985    13951k  1502.6s
    276453    4872    114011  86.08%   14709.824033    inf                  inf     3154    368   9779    14012k  1507.7s
    277402    4878    114482  86.09%   14709.839066    inf                  inf     2811    361   9910    14069k  1512.7s
    278209    4869    114890  86.11%   14710.004731    inf                  inf     2179    363   9597    14128k  1517.7s
    279089    4871    115328  86.40%   14710.021438    inf                  inf     2979    265   9781    14185k  1522.7s
    280011    4872    115785  86.41%   14710.093484    inf                  inf     2443    334   9796    14242k  1527.7s
    281237    4890    116387  86.41%   14710.098946    inf                  inf     1960    316   9881    14305k  1532.7s
    282203    4887    116872  86.47%   14710.182534    inf                  inf     2589    312   9831    14365k  1537.7s
    283329    4884    117437  86.50%   14710.301229    inf                  inf     3715    319   9930    14424k  1542.7s
    284349    4889    117944  86.67%   14710.311478    inf                  inf     2831    413   9824    14486k  1547.8s
    285258    4885    118398  86.69%   14710.347843    inf                  inf     2942    362   9867    14544k  1552.8s
    286320    4893    118921  86.74%   14710.414053    inf                  inf     2498    317   9842    14607k  1557.8s
    286665    4895    119092  86.74%   14710.414053    inf                  inf     3171    363   9901    14628k  1584.1s
    287683    4899    119597  86.74%   14710.42625     inf                  inf     2726    372   9811    14797k  1589.1s
    288634    4905    120069  86.75%   14710.434565    inf                  inf     2450    274   9951    14857k  1594.1s

        Nodes      |    B&B Tree     |            Objective Bounds              |  Dynamic Constraints |       Work      
Src  Proc. InQueue |  Leaves   Expl. | BestBound       BestSol              Gap |   Cuts   InLp Confl. | LpIters     Time

    289448    4906    120473  86.76%   14710.526123    inf                  inf     2138    298   9814    14915k  1599.1s
    290724    4921    121104  86.76%   14710.604218    inf                  inf     2537    403   9889    14972k  1604.1s
    291655    4925    121566  86.76%   14710.63336     inf                  inf     2266    359   9923    15031k  1609.1s
    292506    4908    122001  86.86%   14710.727398    inf                  inf     2588    329   9930    15088k  1614.1s
    293402    4899    122451  86.86%   14710.787642    inf                  inf     2758    270   9934    15145k  1619.1s
    294512    4919    122994  86.96%   14710.824928    inf                  inf     3057    394   9997    15207k  1624.2s
    295447    4923    123459  86.97%   14710.833563    inf                  inf     2343    356   9989    15269k  1629.2s
    296356    4918    123915  86.97%   14710.842502    inf                  inf     2302    318   9952    15325k  1634.2s
    297294    4922    124383  86.97%   14710.899194    inf                  inf     2665    305   9681    15379k  1639.2s
    298266    4924    124867  86.97%   14710.942472    inf                  inf     2613    306   9957    15438k  1644.2s
    299398    4937    125425  86.97%   14710.957021    inf                  inf     1936    298   9919    15497k  1649.2s
    300444    4946    125941  86.97%   14710.98504     inf                  inf     2153    381   9852    15559k  1654.2s
    301359    4947    126394  87.06%   14711.082469    inf                  inf     3207    267   9965    15621k  1659.2s
    302310    4948    126868  87.12%   14711.111394    inf                  inf     3975    404   9959    15679k  1664.2s
    303147    4944    127287  87.12%   14711.149066    inf                  inf     2484    264   9774    15739k  1669.2s
    304070    4941    127749  87.15%   14711.247817    inf                  inf     2042    277   9773    15796k  1674.2s
    305302    4947    128360  87.27%   14711.322079    inf                  inf     2541    367   9891    15856k  1679.2s
    306293    4949    128854  87.56%   14711.37653     inf                  inf     2952    382   9989    15916k  1684.3s
    307365    4956    129386  87.56%   14711.382154    inf                  inf     3307    379   9872    15974k  1689.4s
    308237    4947    129825  87.59%   14711.409728    inf                  inf     2499    250   9971    16033k  1694.4s

        Nodes      |    B&B Tree     |            Objective Bounds              |  Dynamic Constraints |       Work      
Src  Proc. InQueue |  Leaves   Expl. | BestBound       BestSol              Gap |   Cuts   InLp Confl. | LpIters     Time

    309421    4957    130410  87.59%   14711.425563    inf                  inf     3220    361   9970    16099k  1699.4s
    310190    4940    130802  87.59%   14711.472827    inf                  inf     3170    423   9679    16152k  1704.4s
    311334    4945    131369  87.60%   14711.491631    inf                  inf     2342    269   9912    16216k  1709.4s
    312348    4944    131877  87.64%   14711.491849    inf                  inf     3235    365   9952    16282k  1714.4s
    313256    4941    132330  87.65%   14711.513821    inf                  inf     2570    323   9872    16345k  1719.4s
    314207    4947    132802  87.65%   14711.539465    inf                  inf     2196    315   9872    16410k  1724.4s
    315031    4955    133210  87.73%   14711.591153    inf                  inf     2577    298   9897    16469k  1729.4s
    315875    4957    133629  87.77%   14711.591153    inf                  inf     1822    384   9933    16527k  1734.4s
    316781    4958    134083  87.77%   14711.670797    inf                  inf     2591    327   9891    16588k  1739.4s
    317914    4972    134642  87.77%   14711.670797    inf                  inf     2457    329   9888    16653k  1744.4s
    318752    4959    135066  87.78%   14711.780559    inf                  inf     2281    300   9975    16710k  1749.5s
    318851    4960    135116  87.78%   14711.780559    inf                  inf     2294    371   9965    16715k  1777.2s
    319745    4945    135569  87.79%   14711.834877    inf                  inf     2391    345   9794    16870k  1782.2s
    320690    4950    136039  87.79%   14711.918288    inf                  inf     2727    296   9912    16931k  1787.2s
    322017    4996    136679  87.79%   14711.967699    inf                  inf     2647    372   9997    16992k  1792.3s
    322962    4994    137151  87.80%   14712.030689    inf                  inf     2401    352   9885    17054k  1797.3s
    323845    4991    137593  87.80%   14712.055757    inf                  inf     2846    322   9905    17114k  1802.3s
    324660    4990    138001  87.80%   14712.060077    inf                  inf     2484    358   9987    17171k  1807.3s
    325462    4990    138401  87.85%   14712.14542     inf                  inf     1974    401   9557    17229k  1812.3s
    326461    4991    138900  87.85%   14712.186271    inf                  inf     2623    402   9748    17291k  1817.4s

        Nodes      |    B&B Tree     |            Objective Bounds              |  Dynamic Constraints |       Work      
Src  Proc. InQueue |  Leaves   Expl. | BestBound       BestSol              Gap |   Cuts   InLp Confl. | LpIters     Time

    327596    4989    139467  87.86%   14712.23994     inf                  inf     2598    377   9937    17351k  1822.4s
    328443    4979    139894  87.86%   14712.277074    inf                  inf     2328    379   9954    17411k  1827.4s
    329507    4972    140429  87.88%   14712.318761    inf                  inf     2298    340   9930    17472k  1832.4s
    330580    4970    140967  87.89%   14712.326537    inf                  inf     2899    402   9734    17531k  1837.4s
    331334    4957    141350  87.89%   14712.401406    inf                  inf     2373    371   9503    17590k  1842.4s
    332258    4957    141811  87.89%   14712.411756    inf                  inf     2626    398   9662    17654k  1847.4s
    333204    4951    142286  87.92%   14712.46544     inf                  inf     2344    360   9983    17718k  1852.4s
    334115    4946    142743  87.92%   14712.644287    inf                  inf     2220    267   9976    17779k  1857.4s
    335104    4951    143235  87.93%   14712.661267    inf                  inf     2046    319   9926    17839k  1862.4s
    336011    4949    143689  88.12%   14712.669201    inf                  inf     2776    374   9829    17902k  1867.5s
    337139    4972    144241  88.12%   14712.698417    inf                  inf     2361    300   9883    17966k  1872.5s
    338092    4976    144715  88.12%   14712.698417    inf                  inf     2994    361   9902    18026k  1877.5s
    338998    4986    145162  88.12%   14712.728977    inf                  inf     2913    405   9876    18081k  1882.5s
    339990    4979    145660  88.13%   14712.864184    inf                  inf     2504    456   9624    18137k  1887.5s
    340776    4973    146055  88.13%   14712.947882    inf                  inf     2302    324   9978    18196k  1892.5s
    341634    4968    146487  88.23%   14712.969935    inf                  inf     2352    330   9867    18260k  1897.6s
    342568    4969    146953  88.23%   14712.99909     inf                  inf     2690    299   9865    18320k  1902.6s
    343461    4968    147399  88.23%   14713.050886    inf                  inf     2148    356   9985    18380k  1907.6s
    344384    4963    147862  88.33%   14713.056426    inf                  inf     2482    339   9910    18442k  1912.6s
    345265    4958    148305  88.33%   14713.100645    inf                  inf     2162    372   9872    18505k  1917.6s

        Nodes      |    B&B Tree     |            Objective Bounds              |  Dynamic Constraints |       Work      
Src  Proc. InQueue |  Leaves   Expl. | BestBound       BestSol              Gap |   Cuts   InLp Confl. | LpIters     Time

    345421    4954    148385  88.33%   14713.234878    inf                  inf     2315    357   9802    18518k  1949.5s
    346086    4949    148720  88.33%   14713.276392    inf                  inf     3012    399   9698    18710k  1954.5s
    347152    4950    149251  88.34%   14713.36137     inf                  inf     2418    370   9792    18767k  1959.5s
    347933    4947    149642  88.35%   14713.407553    inf                  inf     2343    304   9398    18826k  1964.5s
    348871    4945    150111  88.36%   14713.426405    inf                  inf     2048    305   9988    18888k  1969.5s
    349810    4941    150583  88.36%   14713.494234    inf                  inf     2741    414   9751    18953k  1974.5s
    350511    4929    150939  88.36%   14713.655885    inf                  inf     2771    378   9850    19011k  1979.5s
    351466    4925    151418  88.36%   14713.701849    inf                  inf     2544    282   9976    19074k  1984.5s
    352286    4915    151832  88.36%   14713.828724    inf                  inf     1827    342   9577    19131k  1989.5s
    353234    4921    152302  88.36%   14713.948502    inf                  inf     2760    283   9766    19192k  1994.5s
    354085    4911    152732  88.38%   14714.016459    inf                  inf     2948    425   9571    19250k  1999.5s
    354930    4910    153154  88.38%   14714.043752    inf                  inf     2890    277  10000    19316k  2004.5s
    355764    4895    153578  88.38%   14714.076143    inf                  inf     2654    338   9676    19375k  2009.6s
    356445    4882    153924  88.57%   14714.140467    inf                  inf     2464    434   9501    19428k  2014.6s
    357208    4880    154306  88.76%   14714.217705    inf                  inf     2259    325   9914    19486k  2019.6s
    358096    4871    154754  90.32%   14714.23633     inf                  inf     1501    342   9198    19547k  2024.6s
    359165    4863    155290  90.33%   14714.250596    inf                  inf     2163    316   9702    19606k  2029.6s
    359912    4844    155673  90.45%   14714.279937    inf                  inf     2831    324   9191    19663k  2034.6s
    360839    4851    156133  90.45%   14714.303716    inf                  inf     3156    339   9927    19727k  2039.7s
    361586    4836    156513  90.45%   14714.440535    inf                  inf     2532    302   9773    19785k  2044.7s

        Nodes      |    B&B Tree     |            Objective Bounds              |  Dynamic Constraints |       Work      
Src  Proc. InQueue |  Leaves   Expl. | BestBound       BestSol              Gap |   Cuts   InLp Confl. | LpIters     Time

    362635    4850    157027  90.45%   14714.48963     inf                  inf     2623    341   9747    19839k  2049.7s
    363502    4843    157464  90.84%   14714.588466    inf                  inf     2158    297   9750    19898k  2054.8s
    364469    4828    157954  90.87%   14714.596417    inf                  inf     2861    372   9830    19959k  2059.8s
    365298    4818    158372  90.87%   14714.688529    inf                  inf     2737    330   8820    20016k  2064.8s
    366129    4804    158795  90.87%   14714.782398    inf                  inf     2161    310   9092    20075k  2069.8s
    367012    4793    159242  90.88%   14714.893253    inf                  inf     2941    380   8873    20128k  2074.8s
    367680    4787    159578  90.88%   14714.902397    inf                  inf     2985    347   8798    20190k  2079.8s
    368036    4765    159767  90.90%   14715.004156    inf                  inf     2632    422   8161    20249k  2084.8s
    368777    4759    160138  90.90%   14715.043353    inf                  inf     2946    437   8027    20310k  2089.9s
    369269    4738    160394  91.00%   14715.072411    inf                  inf     2466    277   7863    20369k  2094.9s
    369897    4721    160715  91.00%   14715.102472    inf                  inf     2701    481   8296    20423k  2099.9s
    370568    4716    161054  91.00%   14715.138811    inf                  inf     2780    441   8237    20478k  2104.9s
    371326    4716    161433  91.00%   14715.153475    inf                  inf     2712    418   8845    20536k  2109.9s
    371770    4722    161651  91.00%   14715.169352    inf                  inf     2510    326   9231    20617k  2114.9s
    372291    4721    161913  91.00%   14715.183495    inf                  inf     2783    335   9934    20684k  2119.9s
    372692    4725    162110  91.00%   14715.204519    inf                  inf     2435    353   9813    20768k  2125.0s
    373336    4707    162440  91.01%   14715.265871    inf                  inf     2636    350   9669    20823k  2130.0s
    373980    4685    162771  91.01%   14715.354233    inf                  inf     2817    368   8915    20873k  2135.0s
    374474    4676    163022  91.01%   14715.371615    inf                  inf     2786    424   8906    20932k  2140.1s
    374988    4652    163291  91.11%   14715.402524    inf                  inf     2690    434   7938    21004k  2145.7s

        Nodes      |    B&B Tree     |            Objective Bounds              |  Dynamic Constraints |       Work      
Src  Proc. InQueue |  Leaves   Expl. | BestBound       BestSol              Gap |   Cuts   InLp Confl. | LpIters     Time

    375758    4658    163669  91.16%   14715.432038    inf                  inf     2221    392   7573    21063k  2150.7s
    376281    4651    163934  91.16%   14715.45209     inf                  inf     2484    434   7189    21123k  2155.7s
    376883    4636    164243  91.21%   14715.496109    inf                  inf     2358    450   7705    21195k  2160.9s
    377479    4622    164547  91.23%   14715.524562    inf                  inf     2303    345   7983    21248k  2165.9s
    377889    4605    164760  91.23%   14715.623601    inf                  inf     2453    359   8164    21319k  2170.9s
    378256    4603    164946  91.23%   14715.636581    inf                  inf     2450    390   8391    21398k  2176.5s
    378389    4598    165014  91.26%   14715.659423    inf                  inf     2651    415   8449    21434k  2201.1s
    378946    4585    165299  91.26%   14715.695816    inf                  inf     2834    343   8674    21603k  2206.1s
    379321    4567    165496  91.26%   14715.771908    inf                  inf     2418    433   8387    21671k  2211.1s
    379688    4559    165682  91.26%   14715.785038    inf                  inf     1882    389   8750    21742k  2216.2s
    380107    4549    165896  91.26%   14715.787312    inf                  inf     2276    371   8501    21812k  2221.2s
    380769    4526    166237  91.26%   14715.837129    inf                  inf     2518    316   7792    21869k  2226.2s
    381344    4506    166536  91.31%   14715.899055    inf                  inf     1979    352   8118    21929k  2231.3s
    382059    4504    166895  91.32%   14715.943383    inf                  inf     2624    376   8560    22000k  2236.3s
    382467    4489    167105  91.32%   14715.96562     inf                  inf     2244    489   8184    22064k  2241.3s
    382845    4480    167299  91.32%   14715.96949     inf                  inf     2360    412   8297    22130k  2246.3s
    383341    4475    167549  91.32%   14716.022357    inf                  inf     2925    381   8335    22198k  2251.3s
    383716    4464    167742  94.45%   14716.104339    inf                  inf     2739    436   8450    22270k  2256.9s
    384172    4444    167980  94.45%   14716.193814    inf                  inf     2145    348   7566    22329k  2262.0s
    384404    4425    168105  94.51%   14716.266243    inf                  inf     1928    461   7936    22400k  2267.0s

        Nodes      |    B&B Tree     |            Objective Bounds              |  Dynamic Constraints |       Work      
Src  Proc. InQueue |  Leaves   Expl. | BestBound       BestSol              Gap |   Cuts   InLp Confl. | LpIters     Time

    384963    4405    168393  94.52%   14716.359216    inf                  inf     2282    464   7282    22451k  2272.0s
    385465    4384    168655  94.52%   14716.399527    inf                  inf     1879    367   6635    22503k  2277.0s
    386183    4372    169020  94.52%   14716.474437    inf                  inf     1993    362   6562    22561k  2282.1s
    386810    4339    169349  94.52%   14716.603444    inf                  inf     2558    416   5782    22613k  2287.1s
    387430    4311    169672  94.52%   14716.694082    inf                  inf     1967    434   6114    22667k  2292.2s
    387914    4274    169932  94.52%   14716.767884    inf                  inf     2182    457   5210    22723k  2297.2s
    388545    4261    170254  94.52%   14716.839809    inf                  inf     2130    410   5665    22779k  2302.2s
    389131    4233    170562  94.72%   14716.911916    inf                  inf     2182    433   5309    22835k  2307.3s
    389543    4181    170793  94.77%   14716.961509    inf                  inf     2659    397   4559    22891k  2312.3s
    390269    4168    171160  94.87%   14717.023015    inf                  inf     2882    314   5174    22951k  2317.3s
    390922    4142    171500  94.88%   14717.152332    inf                  inf     2350    382   5371    23010k  2322.3s
    391474    4107    171793  94.88%   14717.165331    inf                  inf     2385    350   4935    23068k  2327.3s
    392105    4095    172115  95.09%   14717.234777    inf                  inf     2451    413   5661    23131k  2332.3s
    392655    4045    172410  95.09%   14717.445054    inf                  inf     2367    438   5932    23184k  2337.3s
    393379    4033    172778  95.09%   14717.488229    inf                  inf     2929    474   5709    23240k  2342.4s
    394389    4025    173282  95.10%   14717.502593    inf                  inf     2544    388   6333    23292k  2347.4s
    395040    4002    173606  95.10%   14717.586836    inf                  inf     1989    366   6498    23341k  2352.4s
    395776    3980    173983  95.10%   14717.79618     inf                  inf     2691    384   6215    23397k  2357.4s
    397375    3978    174778  95.12%   14717.901732    inf                  inf     2160    335   8041    23437k  2362.4s
    398886    3972    175532  95.12%   14718.00903     inf                  inf     2613    336   9120    23480k  2367.4s

        Nodes      |    B&B Tree     |            Objective Bounds              |  Dynamic Constraints |       Work      
Src  Proc. InQueue |  Leaves   Expl. | BestBound       BestSol              Gap |   Cuts   InLp Confl. | LpIters     Time

    400003    3972    176088  95.12%   14718.054337    inf                  inf     2754    361   9877    23534k  2372.4s
    401280    3954    176734  95.12%   14718.132885    inf                  inf     2706    335   9852    23584k  2377.4s
    402331    3948    177254  95.12%   14718.19338     inf                  inf     3083    422   9193    23637k  2382.5s
    403770    3932    177976  95.12%   14718.269032    inf                  inf     2560    335   8692    23685k  2387.5s
    405106    3910    178651  95.12%   14718.362196    inf                  inf     2800    403   8545    23729k  2392.5s
    406439    3904    179309  95.12%   14718.375407    inf                  inf     1872    356   8683    23774k  2397.5s
    407582    3884    179887  95.41%   14718.404581    inf                  inf     2855    363   8814    23827k  2402.5s
    408486    3875    180343  95.41%   14718.454387    inf                  inf     2254    356   9091    23885k  2407.5s
    409580    3844    180903  95.41%   14718.537836    inf                  inf     2793    375   8097    23934k  2412.5s
    410668    3830    181450  95.41%   14718.569897    inf                  inf     3184    296   8393    23989k  2417.5s
    411450    3807    181850  95.41%   14718.644373    inf                  inf     1737    265   8201    24043k  2422.5s
    412581    3786    182421  95.44%   14718.699526    inf                  inf     2814    416   8459    24096k  2427.5s
    413377    3785    182820  95.44%   14718.789677    inf                  inf     2398    449   8199    24163k  2432.5s
    414247    3759    183268  95.44%   14718.823322    inf                  inf     2525    406   8618    24215k  2437.5s
    414445    3750    183370  95.44%   14718.846777    inf                  inf     2155    412   8720    24225k  2452.7s
    415275    3728    183795  95.45%   14718.876706    inf                  inf     2307    246   8051    24344k  2457.8s
    416306    3695    184325  95.46%   14719.017529    inf                  inf     2305    414   7948    24388k  2462.8s
    417290    3687    184820  95.46%   14719.049677    inf                  inf     2458    404   8348    24444k  2467.8s
    418028    3644    185209  95.76%   14719.107899    inf                  inf     2177    377   6964    24500k  2472.8s
    418840    3620    185627  95.79%   14719.271327    inf                  inf     2108    402   6469    24554k  2477.9s

        Nodes      |    B&B Tree     |            Objective Bounds              |  Dynamic Constraints |       Work      
Src  Proc. InQueue |  Leaves   Expl. | BestBound       BestSol              Gap |   Cuts   InLp Confl. | LpIters     Time

    419712    3607    186066  95.79%   14719.325067    inf                  inf     2682    360   7281    24612k  2482.9s
    420537    3548    186505  95.81%   14719.401841    inf                  inf     2695    392   5571    24661k  2487.9s
    421678    3535    187076  95.84%   14719.429609    inf                  inf     2603    457   6327    24714k  2492.9s
    422444    3470    187492  95.91%   14719.509614    inf                  inf     2450    235   4900    24763k  2497.9s
    423149    3409    187875  97.53%   14719.593637    inf                  inf     1683    286   4795    24820k  2502.9s
    424104    3402    188355  97.53%   14719.607314    inf                  inf     3068    367   4638    24878k  2507.9s
    424952    3357    188799  97.55%   14719.706528    inf                  inf     2105    307   5174    24929k  2512.9s
    425721    3298    189210  97.56%   14719.797817    inf                  inf     2345    390   5282    24977k  2517.9s
    426575    3250    189655  97.59%   14719.819305    inf                  inf     2167    388   5014    25027k  2522.9s
    427550    3209    190161  97.59%   14719.929753    inf                  inf     2652    390   5366    25078k  2527.9s
    428346    3173    190577  97.59%   14719.958666    inf                  inf     2357    387   5192    25131k  2533.0s
    429184    3114    191024  97.59%   14720.054782    inf                  inf     2494    348   5345    25182k  2538.0s
    429799    3068    191352  97.70%   14720.119885    inf                  inf     2671    411   5222    25241k  2543.0s
    430333    3027    191638  97.70%   14720.170731    inf                  inf     1936    316   4859    25296k  2548.0s
    430977    2991    191976  97.70%   14720.25398     inf                  inf     1895    300   4964    25358k  2553.0s
    431908    2949    192463  97.75%   14720.311525    inf                  inf     2440    360   4773    25414k  2558.1s
    432713    2893    192891  98.68%   14720.393953    inf                  inf     2034    430   5263    25470k  2563.1s
    433683    2877    193384  98.68%   14720.396967    inf                  inf     1996    415   6010    25527k  2568.1s
    434469    2844    193790  98.68%   14720.443456    inf                  inf     2933    377   6211    25587k  2573.1s
    435556    2777    194358  98.74%   14720.592703    inf                  inf     3030    435   6405    25638k  2578.1s

        Nodes      |    B&B Tree     |            Objective Bounds              |  Dynamic Constraints |       Work      
Src  Proc. InQueue |  Leaves   Expl. | BestBound       BestSol              Gap |   Cuts   InLp Confl. | LpIters     Time

    436218    2712    194721  98.74%   14720.70022     inf                  inf     2188    383   5554    25692k  2583.1s
    436706    2646    194997  98.75%   14720.741021    inf                  inf     2378    399   3883    25752k  2588.1s
    437090    2570    195227  98.75%   14720.856984    inf                  inf     2256    363   2691    25815k  2593.2s
    437858    2532    195629  98.75%   14721.008777    inf                  inf     2631    483   3326    25876k  2598.2s
    438410    2505    195919  98.77%   14721.067351    inf                  inf     2729    466   3845    25937k  2603.2s
    438850    2461    196160  98.77%   14721.143402    inf                  inf     2527    444   4004    25999k  2629.6s
    439387    2391    196454  98.78%   14721.233656    inf                  inf     2438    371   3748    26157k  2634.8s
    440114    2372    196827  98.78%   14721.319095    inf                  inf     1794    292   4096    26216k  2639.8s
    440515    2318    197053  98.78%   14721.405827    inf                  inf     2761    440   3549    26277k  2644.8s
    440902    2253    197279  98.78%   14721.505584    inf                  inf     2537    426   3865    26338k  2650.1s
    441573    2233    197624  98.78%   14721.552389    inf                  inf     2360    389   3863    26400k  2655.1s
    441986    2156    197870  98.79%   14721.613575    inf                  inf     2682    401   3239    26464k  2660.1s
    442265    2073    198051  98.84%   14721.761719    inf                  inf     2208    395   3003    26524k  2665.1s
    442569    1973    198253  98.95%   14721.901303    inf                  inf     2499    448   2161    26586k  2670.2s
    442894    1885    198459  98.97%   14722.001741    inf                  inf     2793    349   1856    26648k  2675.2s
    443380    1835    198728  98.98%   14722.092876    inf                  inf     3057    423   2515    26705k  2680.3s
    443722    1743    198944  99.01%   14722.232477    inf                  inf     2640    391   2339    26768k  2685.3s
    444046    1677    199139  99.01%   14722.388033    inf                  inf     2169    302   2217    26828k  2690.3s
    444533    1625    199409  99.02%   14722.495165    inf                  inf     2101    468   2239    26891k  2695.3s
    444889    1539    199629  99.02%   14722.617406    inf                  inf     2374    394   2213    26952k  2700.4s

        Nodes      |    B&B Tree     |            Objective Bounds              |  Dynamic Constraints |       Work      
Src  Proc. InQueue |  Leaves   Expl. | BestBound       BestSol              Gap |   Cuts   InLp Confl. | LpIters     Time

    445167    1450    199813  99.02%   14722.778864    inf                  inf     2400    481   1957    27016k  2705.5s
    445450    1350    200003  99.08%   14722.917743    inf                  inf     2041    413   1463    27081k  2710.6s
    446251    1298    200430  99.08%   14722.992135    inf                  inf     2811    420   2195    27133k  2715.6s
    447010    1253    200831  99.11%   14723.122689    inf                  inf     2138    446   3219    27187k  2720.6s
    447235    1132    201004  99.11%   14723.329838    inf                  inf     2490    354   3054    27249k  2725.6s
    447505    1035    201187  99.31%   14723.465288    inf                  inf     2494    403   1852    27311k  2730.6s
    447691     922    201337  99.33%   14723.707895    inf                  inf     2601    417   1158    27373k  2735.7s
    447980     804    201540  99.34%   14723.8639      inf                  inf     2608    472   1233    27438k  2740.7s
    448217     691    201715  99.34%   14724.057612    inf                  inf     1993    422   1152    27502k  2745.7s
    448411     548    201883  99.37%   14724.385008    inf                  inf     2480    419   1022    27568k  2750.7s
    448641     407    202069  99.44%   14724.974812    inf                  inf     2390    497   1120    27636k  2755.7s
    448889     274    202259  99.83%   14725.37149     inf                  inf     2706    432   1249    27703k  2760.8s
    449147     164    202442  99.88%   14725.679013    inf                  inf     2038    461   1324    27766k  2765.8s
    449318      28    202595  99.95%   14726.986382    inf                  inf     2757    462   1347    27832k  2770.8s
    449347       0    202624 100.00%   inf             inf                  inf     2643    542   1317    27847k  2771.9s

Solving report
  Status            Infeasible
  Primal bound      inf
  Dual bound        inf
  Gap               inf
  P-D integral      0
  Solution status   -
  Timing            2771.89
                    76.42 (Presolve)
                        MIP    time [calls] = 0.04 [1]
                        subMIP time [calls] = 76.38 [6650]
                    2694.25 (Solve)
                        MIP    time [calls] = 2368.74 [1]
                        subMIP time [calls] = 325.51 [3127]
                    0.00 (Postsolve)
                        MIP    time [calls] = 0.00 [1]
                        subMIP time [calls] = 0.00 [6650]
  Max sub-MIP depth 12
  Nodes             449347
  Repair LPs        0
  LP iterations     27847090
                    1278137 (strong br.)
                    2427954 (separation)
                    1411739 (heuristics)
