MIP has 107 rows; 1047 cols; 3711 nonzeros; 1047 integer variables (912 binary)
Coefficient ranges:
  Matrix  [1e+00, 3e+02]
  Cost    [9e+01, 3e+02]
  Bound   [1e+00, 5e+00]
  RHS     [1e+00, 1e+04]
Presolving model
104 rows, 1041 cols, 3691 nonzeros 0s
100 rows, 961 cols, 3083 nonzeros 0s
Presolve reductions: rows 100(-7); columns 961(-86); nonzeros 3083(-628) 
Objective function is integral with scale 1

Solving MIP model with:
   100 rows
   961 cols (851 binary, 110 integer, 0 implied int., 0 continuous, 0 domain fixed)
   3083 nonzeros
   Thread count 7 (of 14 threads). Using 1 max workers. Parallel search off

Src: B => Branching; C => Central rounding; F => Feasibility pump; H => Heuristic;
     I => Shifting; J => Feasibility jump; L => Sub-MIP; P => Empty MIP; R => Randomized rounding;
     S => Solve LP; T => Evaluate node; U => Unbounded; X => User solution; Y => HiGHS solution;
     Z => ZI Round; l => Trivial lower; p => Trivial point; u => Trivial upper; z => Trivial zero

        Nodes      |    B&B Tree     |            Objective Bounds              |  Dynamic Constraints |       Work      
Src  Proc. InQueue |  Leaves   Expl. | BestBound       BestSol              Gap |   Cuts   InLp Confl. | LpIters     Time

         0       0         0   0.00%   872             inf                  inf        0      0      0         0     0.3s
         0       0         0   0.00%   14200.013631    inf                  inf        0      0      2       140     0.3s
         0       0         0   0.00%   14655.09262     inf                  inf     6828    222    267      7445     7.1s
         5       0         1   6.25%   14655.09262     inf                  inf     6340    222    315     21342    15.1s
        26       0        10   8.20%   14655.09262     inf                  inf     6430    222    658     45775    20.3s
        64       3        27   8.62%   14655.09262     inf                  inf     6579    222   1223     63893    25.5s
       108      16        47  13.70%   14655.255551    inf                  inf     5346    350   1766     84392    30.0s

Solving report
  Status            Time limit reached
  Primal bound      inf
  Dual bound        14656
  Gap               inf
  P-D integral      0
  Solution status   -
  Timing            30.00
                    1.83 (Presolve)
                        MIP    time [calls] = 0.20 [1]
                        subMIP time [calls] = 1.63 [65]
                    28.12 (Solve)
                        MIP    time [calls] = 21.31 [1]
                        subMIP time [calls] = 6.81 [20]
                    0.00 (Postsolve)
                        MIP    time [calls] = 0.00 [1]
                        subMIP time [calls] = 0.00 [65]
  Max sub-MIP depth 8
  Nodes             108
  Repair LPs        0
  LP iterations     84392
                    69477 (strong br.)
                    3059 (separation)
                    7780 (heuristics)
